lab6-kafka-2-1      | [2023-11-30 17:48:05,761] TRACE [Broker id=2] Handling LeaderAndIsr request correlationId 1 from controller 1 epoch 2 starting the become-leader transition for partition __consumer_offsets-47 (state.change.logger)
lab6-kafka-2-1      | [2023-11-30 17:48:05,761] TRACE [Broker id=2] Handling LeaderAndIsr request correlationId 1 from controller 1 epoch 2 starting the become-leader transition for partition __consumer_offsets-17 (state.change.logger)
lab6-kafka-1-1      | [2023-11-30 17:48:05,761] INFO [Partition __consumer_offsets-20 broker=1] Log loaded for partition __consumer_offsets-20 with initial high watermark 0 (kafka.cluster.Partition)
lab6-kafka-1-1      | [2023-11-30 17:48:05,761] INFO [Broker id=1] Leader __consumer_offsets-20 with topic id Some(M0QW10crSEy-ARRzEgKO2g) starts at leader epoch 0 from offset 0 with partition epoch 0, high watermark 0, ISR [1], adding replicas [] and removing replicas [] . Previous leader epoch was -1. (state.change.logger)
lab6-kafka-2-1      | [2023-11-30 17:48:05,761] INFO [ReplicaFetcherManager on broker 2] Removed fetcher for partitions HashSet(__consumer_offsets-21, __consumer_offsets-25, __consumer_offsets-35, __consumer_offsets-47, __consumer_offsets-31, __consumer_offsets-3, __consumer_offsets-37, __consumer_offsets-15, __consumer_offsets-17, __consumer_offsets-13, __consumer_offsets-43, __consumer_offsets-39, __consumer_offsets-29, __consumer_offsets-27, __consumer_offsets-7, __consumer_offsets-9, __consumer_offsets-41, __consumer_offsets-33, __consumer_offsets-23, __consumer_offsets-49, __consumer_offsets-19, __consumer_offsets-11, __consumer_offsets-45, __consumer_offsets-1, __consumer_offsets-5) (kafka.server.ReplicaFetcherManager)
lab6-kafka-2-1      | [2023-11-30 17:48:05,761] INFO [Broker id=2] Stopped fetchers as part of LeaderAndIsr request correlationId 1 from controller 1 epoch 2 as part of the become-leader transition for 25 partitions (state.change.logger)
lab6-kafka-1-1      | [2023-11-30 17:48:05,762] INFO [Partition __consumer_offsets-24 broker=1] Log loaded for partition __consumer_offsets-24 with initial high watermark 0 (kafka.cluster.Partition)
lab6-kafka-1-1      | [2023-11-30 17:48:05,762] INFO [Broker id=1] Leader __consumer_offsets-24 with topic id Some(M0QW10crSEy-ARRzEgKO2g) starts at leader epoch 0 from offset 0 with partition epoch 0, high watermark 0, ISR [1], adding replicas [] and removing replicas [] . Previous leader epoch was -1. (state.change.logger)
lab6-kafka-1-1      | [2023-11-30 17:48:05,764] INFO [Partition __consumer_offsets-42 broker=1] Log loaded for partition __consumer_offsets-42 with initial high watermark 0 (kafka.cluster.Partition)
lab6-kafka-1-1      | [2023-11-30 17:48:05,764] INFO [Broker id=1] Leader __consumer_offsets-42 with topic id Some(M0QW10crSEy-ARRzEgKO2g) starts at leader epoch 0 from offset 0 with partition epoch 0, high watermark 0, ISR [1], adding replicas [] and removing replicas [] . Previous leader epoch was -1. (state.change.logger)
lab6-kafka-2-1      | [2023-11-30 17:48:05,764] INFO [Partition __consumer_offsets-3 broker=2] Log loaded for partition __consumer_offsets-3 with initial high watermark 0 (kafka.cluster.Partition)
lab6-kafka-1-1      | [2023-11-30 17:48:05,765] INFO [Partition __consumer_offsets-12 broker=1] Log loaded for partition __consumer_offsets-12 with initial high watermark 0 (kafka.cluster.Partition)
lab6-kafka-1-1      | [2023-11-30 17:48:05,765] INFO [Broker id=1] Leader __consumer_offsets-12 with topic id Some(M0QW10crSEy-ARRzEgKO2g) starts at leader epoch 0 from offset 0 with partition epoch 0, high watermark 0, ISR [1], adding replicas [] and removing replicas [] . Previous leader epoch was -1. (state.change.logger)
lab6-kafka-2-1      | [2023-11-30 17:48:05,765] INFO [Broker id=2] Leader __consumer_offsets-3 with topic id Some(M0QW10crSEy-ARRzEgKO2g) starts at leader epoch 0 from offset 0 with partition epoch 0, high watermark 0, ISR [2], adding replicas [] and removing replicas [] . Previous leader epoch was -1. (state.change.logger)
lab6-kafka-1-1      | [2023-11-30 17:48:05,766] INFO [Partition __consumer_offsets-46 broker=1] Log loaded for partition __consumer_offsets-46 with initial high watermark 0 (kafka.cluster.Partition)
lab6-kafka-1-1      | [2023-11-30 17:48:05,766] INFO [Broker id=1] Leader __consumer_offsets-46 with topic id Some(M0QW10crSEy-ARRzEgKO2g) starts at leader epoch 0 from offset 0 with partition epoch 0, high watermark 0, ISR [1], adding replicas [] and removing replicas [] . Previous leader epoch was -1. (state.change.logger)
lab6-kafka-1-1      | [2023-11-30 17:48:05,767] INFO [Partition __consumer_offsets-16 broker=1] Log loaded for partition __consumer_offsets-16 with initial high watermark 0 (kafka.cluster.Partition)
lab6-kafka-1-1      | [2023-11-30 17:48:05,767] INFO [Broker id=1] Leader __consumer_offsets-16 with topic id Some(M0QW10crSEy-ARRzEgKO2g) starts at leader epoch 0 from offset 0 with partition epoch 0, high watermark 0, ISR [1], adding replicas [] and removing replicas [] . Previous leader epoch was -1. (state.change.logger)
lab6-kafka-2-1      | [2023-11-30 17:48:05,768] INFO [Partition __consumer_offsets-37 broker=2] Log loaded for partition __consumer_offsets-37 with initial high watermark 0 (kafka.cluster.Partition)
lab6-kafka-1-1      | [2023-11-30 17:48:05,768] INFO [Partition __consumer_offsets-2 broker=1] Log loaded for partition __consumer_offsets-2 with initial high watermark 0 (kafka.cluster.Partition)
lab6-kafka-1-1      | [2023-11-30 17:48:05,769] INFO [Broker id=1] Leader __consumer_offsets-2 with topic id Some(M0QW10crSEy-ARRzEgKO2g) starts at leader epoch 0 from offset 0 with partition epoch 0, high watermark 0, ISR [1], adding replicas [] and removing replicas [] . Previous leader epoch was -1. (state.change.logger)
lab6-kafka-2-1      | [2023-11-30 17:48:05,768] INFO [Broker id=2] Leader __consumer_offsets-37 with topic id Some(M0QW10crSEy-ARRzEgKO2g) starts at leader epoch 0 from offset 0 with partition epoch 0, high watermark 0, ISR [2], adding replicas [] and removing replicas [] . Previous leader epoch was -1. (state.change.logger)
lab6-kafka-2-1      | [2023-11-30 17:48:05,770] INFO [Partition __consumer_offsets-7 broker=2] Log loaded for partition __consumer_offsets-7 with initial high watermark 0 (kafka.cluster.Partition)
lab6-kafka-2-1      | [2023-11-30 17:48:05,770] INFO [Broker id=2] Leader __consumer_offsets-7 with topic id Some(M0QW10crSEy-ARRzEgKO2g) starts at leader epoch 0 from offset 0 with partition epoch 0, high watermark 0, ISR [2], adding replicas [] and removing replicas [] . Previous leader epoch was -1. (state.change.logger)
lab6-kafka-1-1      | [2023-11-30 17:48:05,770] INFO [Partition __consumer_offsets-36 broker=1] Log loaded for partition __consumer_offsets-36 with initial high watermark 0 (kafka.cluster.Partition)
lab6-kafka-1-1      | [2023-11-30 17:48:05,770] INFO [Broker id=1] Leader __consumer_offsets-36 with topic id Some(M0QW10crSEy-ARRzEgKO2g) starts at leader epoch 0 from offset 0 with partition epoch 0, high watermark 0, ISR [1], adding replicas [] and removing replicas [] . Previous leader epoch was -1. (state.change.logger)
lab6-kafka-2-1      | [2023-11-30 17:48:05,771] INFO [Partition __consumer_offsets-41 broker=2] Log loaded for partition __consumer_offsets-41 with initial high watermark 0 (kafka.cluster.Partition)
lab6-kafka-2-1      | [2023-11-30 17:48:05,771] INFO [Broker id=2] Leader __consumer_offsets-41 with topic id Some(M0QW10crSEy-ARRzEgKO2g) starts at leader epoch 0 from offset 0 with partition epoch 0, high watermark 0, ISR [2], adding replicas [] and removing replicas [] . Previous leader epoch was -1. (state.change.logger)
lab6-kafka-1-1      | [2023-11-30 17:48:05,772] INFO [Partition __consumer_offsets-6 broker=1] Log loaded for partition __consumer_offsets-6 with initial high watermark 0 (kafka.cluster.Partition)
lab6-kafka-1-1      | [2023-11-30 17:48:05,772] INFO [Broker id=1] Leader __consumer_offsets-6 with topic id Some(M0QW10crSEy-ARRzEgKO2g) starts at leader epoch 0 from offset 0 with partition epoch 0, high watermark 0, ISR [1], adding replicas [] and removing replicas [] . Previous leader epoch was -1. (state.change.logger)
lab6-kafka-2-1      | [2023-11-30 17:48:05,773] INFO [Partition __consumer_offsets-29 broker=2] Log loaded for partition __consumer_offsets-29 with initial high watermark 0 (kafka.cluster.Partition)
lab6-kafka-2-1      | [2023-11-30 17:48:05,773] INFO [Broker id=2] Leader __consumer_offsets-29 with topic id Some(M0QW10crSEy-ARRzEgKO2g) starts at leader epoch 0 from offset 0 with partition epoch 0, high watermark 0, ISR [2], adding replicas [] and removing replicas [] . Previous leader epoch was -1. (state.change.logger)
lab6-kafka-1-1      | [2023-11-30 17:48:05,773] INFO [Partition __consumer_offsets-40 broker=1] Log loaded for partition __consumer_offsets-40 with initial high watermark 0 (kafka.cluster.Partition)
lab6-kafka-1-1      | [2023-11-30 17:48:05,773] INFO [Broker id=1] Leader __consumer_offsets-40 with topic id Some(M0QW10crSEy-ARRzEgKO2g) starts at leader epoch 0 from offset 0 with partition epoch 0, high watermark 0, ISR [1], adding replicas [] and removing replicas [] . Previous leader epoch was -1. (state.change.logger)
lab6-kafka-2-1      | [2023-11-30 17:48:05,774] INFO [Partition __consumer_offsets-33 broker=2] Log loaded for partition __consumer_offsets-33 with initial high watermark 0 (kafka.cluster.Partition)
lab6-kafka-2-1      | [2023-11-30 17:48:05,774] INFO [Broker id=2] Leader __consumer_offsets-33 with topic id Some(M0QW10crSEy-ARRzEgKO2g) starts at leader epoch 0 from offset 0 with partition epoch 0, high watermark 0, ISR [2], adding replicas [] and removing replicas [] . Previous leader epoch was -1. (state.change.logger)
lab6-kafka-1-1      | [2023-11-30 17:48:05,774] INFO [Partition __consumer_offsets-28 broker=1] Log loaded for partition __consumer_offsets-28 with initial high watermark 0 (kafka.cluster.Partition)
lab6-kafka-1-1      | [2023-11-30 17:48:05,774] INFO [Broker id=1] Leader __consumer_offsets-28 with topic id Some(M0QW10crSEy-ARRzEgKO2g) starts at leader epoch 0 from offset 0 with partition epoch 0, high watermark 0, ISR [1], adding replicas [] and removing replicas [] . Previous leader epoch was -1. (state.change.logger)
lab6-kafka-2-1      | [2023-11-30 17:48:05,775] INFO [Partition __consumer_offsets-19 broker=2] Log loaded for partition __consumer_offsets-19 with initial high watermark 0 (kafka.cluster.Partition)
lab6-kafka-2-1      | [2023-11-30 17:48:05,775] INFO [Broker id=2] Leader __consumer_offsets-19 with topic id Some(M0QW10crSEy-ARRzEgKO2g) starts at leader epoch 0 from offset 0 with partition epoch 0, high watermark 0, ISR [2], adding replicas [] and removing replicas [] . Previous leader epoch was -1. (state.change.logger)
lab6-kafka-1-1      | [2023-11-30 17:48:05,776] INFO [Partition __consumer_offsets-32 broker=1] Log loaded for partition __consumer_offsets-32 with initial high watermark 0 (kafka.cluster.Partition)
lab6-kafka-1-1      | [2023-11-30 17:48:05,776] INFO [Broker id=1] Leader __consumer_offsets-32 with topic id Some(M0QW10crSEy-ARRzEgKO2g) starts at leader epoch 0 from offset 0 with partition epoch 0, high watermark 0, ISR [1], adding replicas [] and removing replicas [] . Previous leader epoch was -1. (state.change.logger)
lab6-kafka-2-1      | [2023-11-30 17:48:05,777] INFO [Partition __consumer_offsets-23 broker=2] Log loaded for partition __consumer_offsets-23 with initial high watermark 0 (kafka.cluster.Partition)
lab6-kafka-2-1      | [2023-11-30 17:48:05,777] INFO [Broker id=2] Leader __consumer_offsets-23 with topic id Some(M0QW10crSEy-ARRzEgKO2g) starts at leader epoch 0 from offset 0 with partition epoch 0, high watermark 0, ISR [2], adding replicas [] and removing replicas [] . Previous leader epoch was -1. (state.change.logger)
lab6-kafka-2-1      | [2023-11-30 17:48:05,778] INFO [Partition __consumer_offsets-11 broker=2] Log loaded for partition __consumer_offsets-11 with initial high watermark 0 (kafka.cluster.Partition)
lab6-kafka-2-1      | [2023-11-30 17:48:05,778] INFO [Broker id=2] Leader __consumer_offsets-11 with topic id Some(M0QW10crSEy-ARRzEgKO2g) starts at leader epoch 0 from offset 0 with partition epoch 0, high watermark 0, ISR [2], adding replicas [] and removing replicas [] . Previous leader epoch was -1. (state.change.logger)
lab6-kafka-1-1      | [2023-11-30 17:48:05,778] TRACE [Broker id=1] Completed LeaderAndIsr request correlationId 1 from controller 1 epoch 2 for the become-leader transition for partition __consumer_offsets-18 (state.change.logger)
lab6-kafka-1-1      | [2023-11-30 17:48:05,778] TRACE [Broker id=1] Completed LeaderAndIsr request correlationId 1 from controller 1 epoch 2 for the become-leader transition for partition __consumer_offsets-22 (state.change.logger)
lab6-kafka-1-1      | [2023-11-30 17:48:05,778] TRACE [Broker id=1] Completed LeaderAndIsr request correlationId 1 from controller 1 epoch 2 for the become-leader transition for partition __consumer_offsets-10 (state.change.logger)
lab6-kafka-1-1      | [2023-11-30 17:48:05,778] TRACE [Broker id=1] Completed LeaderAndIsr request correlationId 1 from controller 1 epoch 2 for the become-leader transition for partition __consumer_offsets-44 (state.change.logger)
lab6-kafka-1-1      | [2023-11-30 17:48:05,778] TRACE [Broker id=1] Completed LeaderAndIsr request correlationId 1 from controller 1 epoch 2 for the become-leader transition for partition __consumer_offsets-14 (state.change.logger)
lab6-kafka-1-1      | [2023-11-30 17:48:05,778] TRACE [Broker id=1] Completed LeaderAndIsr request correlationId 1 from controller 1 epoch 2 for the become-leader transition for partition __consumer_offsets-48 (state.change.logger)
lab6-kafka-1-1      | [2023-11-30 17:48:05,778] TRACE [Broker id=1] Completed LeaderAndIsr request correlationId 1 from controller 1 epoch 2 for the become-leader transition for partition __consumer_offsets-34 (state.change.logger)
lab6-kafka-1-1      | [2023-11-30 17:48:05,778] TRACE [Broker id=1] Completed LeaderAndIsr request correlationId 1 from controller 1 epoch 2 for the become-leader transition for partition __consumer_offsets-4 (state.change.logger)
lab6-kafka-1-1      | [2023-11-30 17:48:05,778] TRACE [Broker id=1] Completed LeaderAndIsr request correlationId 1 from controller 1 epoch 2 for the become-leader transition for partition __consumer_offsets-38 (state.change.logger)
lab6-kafka-1-1      | [2023-11-30 17:48:05,778] TRACE [Broker id=1] Completed LeaderAndIsr request correlationId 1 from controller 1 epoch 2 for the become-leader transition for partition __consumer_offsets-8 (state.change.logger)
lab6-kafka-1-1      | [2023-11-30 17:48:05,778] TRACE [Broker id=1] Completed LeaderAndIsr request correlationId 1 from controller 1 epoch 2 for the become-leader transition for partition topic-0 (state.change.logger)
lab6-kafka-1-1      | [2023-11-30 17:48:05,778] TRACE [Broker id=1] Completed LeaderAndIsr request correlationId 1 from controller 1 epoch 2 for the become-leader transition for partition __consumer_offsets-26 (state.change.logger)
lab6-kafka-1-1      | [2023-11-30 17:48:05,778] TRACE [Broker id=1] Completed LeaderAndIsr request correlationId 1 from controller 1 epoch 2 for the become-leader transition for partition __consumer_offsets-30 (state.change.logger)
lab6-kafka-1-1      | [2023-11-30 17:48:05,778] TRACE [Broker id=1] Completed LeaderAndIsr request correlationId 1 from controller 1 epoch 2 for the become-leader transition for partition __consumer_offsets-0 (state.change.logger)
lab6-kafka-1-1      | [2023-11-30 17:48:05,778] TRACE [Broker id=1] Completed LeaderAndIsr request correlationId 1 from controller 1 epoch 2 for the become-leader transition for partition __consumer_offsets-20 (state.change.logger)
lab6-kafka-1-1      | [2023-11-30 17:48:05,778] TRACE [Broker id=1] Completed LeaderAndIsr request correlationId 1 from controller 1 epoch 2 for the become-leader transition for partition __consumer_offsets-24 (state.change.logger)
lab6-kafka-1-1      | [2023-11-30 17:48:05,778] TRACE [Broker id=1] Completed LeaderAndIsr request correlationId 1 from controller 1 epoch 2 for the become-leader transition for partition __consumer_offsets-42 (state.change.logger)
lab6-kafka-1-1      | [2023-11-30 17:48:05,778] TRACE [Broker id=1] Completed LeaderAndIsr request correlationId 1 from controller 1 epoch 2 for the become-leader transition for partition __consumer_offsets-12 (state.change.logger)
lab6-kafka-1-1      | [2023-11-30 17:48:05,778] TRACE [Broker id=1] Completed LeaderAndIsr request correlationId 1 from controller 1 epoch 2 for the become-leader transition for partition __consumer_offsets-46 (state.change.logger)
lab6-kafka-1-1      | [2023-11-30 17:48:05,778] TRACE [Broker id=1] Completed LeaderAndIsr request correlationId 1 from controller 1 epoch 2 for the become-leader transition for partition __consumer_offsets-16 (state.change.logger)
lab6-kafka-1-1      | [2023-11-30 17:48:05,778] TRACE [Broker id=1] Completed LeaderAndIsr request correlationId 1 from controller 1 epoch 2 for the become-leader transition for partition __consumer_offsets-2 (state.change.logger)
lab6-kafka-1-1      | [2023-11-30 17:48:05,778] TRACE [Broker id=1] Completed LeaderAndIsr request correlationId 1 from controller 1 epoch 2 for the become-leader transition for partition __consumer_offsets-36 (state.change.logger)
lab6-kafka-1-1      | [2023-11-30 17:48:05,778] TRACE [Broker id=1] Completed LeaderAndIsr request correlationId 1 from controller 1 epoch 2 for the become-leader transition for partition __consumer_offsets-6 (state.change.logger)
lab6-kafka-1-1      | [2023-11-30 17:48:05,778] TRACE [Broker id=1] Completed LeaderAndIsr request correlationId 1 from controller 1 epoch 2 for the become-leader transition for partition __consumer_offsets-40 (state.change.logger)
lab6-kafka-1-1      | [2023-11-30 17:48:05,778] TRACE [Broker id=1] Completed LeaderAndIsr request correlationId 1 from controller 1 epoch 2 for the become-leader transition for partition __consumer_offsets-28 (state.change.logger)
lab6-kafka-1-1      | [2023-11-30 17:48:05,778] TRACE [Broker id=1] Completed LeaderAndIsr request correlationId 1 from controller 1 epoch 2 for the become-leader transition for partition __consumer_offsets-32 (state.change.logger)
lab6-kafka-2-1      | [2023-11-30 17:48:05,779] INFO [Partition __consumer_offsets-45 broker=2] Log loaded for partition __consumer_offsets-45 with initial high watermark 0 (kafka.cluster.Partition)
lab6-kafka-2-1      | [2023-11-30 17:48:05,779] INFO [Broker id=2] Leader __consumer_offsets-45 with topic id Some(M0QW10crSEy-ARRzEgKO2g) starts at leader epoch 0 from offset 0 with partition epoch 0, high watermark 0, ISR [2], adding replicas [] and removing replicas [] . Previous leader epoch was -1. (state.change.logger)
lab6-kafka-2-1      | [2023-11-30 17:48:05,780] INFO [Partition __consumer_offsets-15 broker=2] Log loaded for partition __consumer_offsets-15 with initial high watermark 0 (kafka.cluster.Partition)
lab6-kafka-2-1      | [2023-11-30 17:48:05,780] INFO [Broker id=2] Leader __consumer_offsets-15 with topic id Some(M0QW10crSEy-ARRzEgKO2g) starts at leader epoch 0 from offset 0 with partition epoch 0, high watermark 0, ISR [2], adding replicas [] and removing replicas [] . Previous leader epoch was -1. (state.change.logger)
lab6-kafka-1-1      | [2023-11-30 17:48:05,780] INFO [GroupCoordinator 1]: Elected as the group coordinator for partition 18 in epoch 0 (kafka.coordinator.group.GroupCoordinator)
lab6-kafka-1-1      | [2023-11-30 17:48:05,781] INFO [GroupMetadataManager brokerId=1] Scheduling loading of offsets and group metadata from __consumer_offsets-18 for epoch 0 (kafka.coordinator.group.GroupMetadataManager)
lab6-kafka-2-1      | [2023-11-30 17:48:05,781] INFO [Partition __consumer_offsets-49 broker=2] Log loaded for partition __consumer_offsets-49 with initial high watermark 0 (kafka.cluster.Partition)
lab6-kafka-2-1      | [2023-11-30 17:48:05,781] INFO [Broker id=2] Leader __consumer_offsets-49 with topic id Some(M0QW10crSEy-ARRzEgKO2g) starts at leader epoch 0 from offset 0 with partition epoch 0, high watermark 0, ISR [2], adding replicas [] and removing replicas [] . Previous leader epoch was -1. (state.change.logger)
lab6-kafka-1-1      | [2023-11-30 17:48:05,782] INFO [GroupCoordinator 1]: Elected as the group coordinator for partition 22 in epoch 0 (kafka.coordinator.group.GroupCoordinator)
lab6-kafka-1-1      | [2023-11-30 17:48:05,782] INFO [GroupMetadataManager brokerId=1] Scheduling loading of offsets and group metadata from __consumer_offsets-22 for epoch 0 (kafka.coordinator.group.GroupMetadataManager)
lab6-kafka-1-1      | [2023-11-30 17:48:05,782] INFO [GroupCoordinator 1]: Elected as the group coordinator for partition 10 in epoch 0 (kafka.coordinator.group.GroupCoordinator)
lab6-kafka-1-1      | [2023-11-30 17:48:05,782] INFO [GroupMetadataManager brokerId=1] Scheduling loading of offsets and group metadata from __consumer_offsets-10 for epoch 0 (kafka.coordinator.group.GroupMetadataManager)
lab6-kafka-1-1      | [2023-11-30 17:48:05,782] INFO [GroupCoordinator 1]: Elected as the group coordinator for partition 44 in epoch 0 (kafka.coordinator.group.GroupCoordinator)
lab6-kafka-1-1      | [2023-11-30 17:48:05,782] INFO [GroupMetadataManager brokerId=1] Scheduling loading of offsets and group metadata from __consumer_offsets-44 for epoch 0 (kafka.coordinator.group.GroupMetadataManager)
lab6-kafka-1-1      | [2023-11-30 17:48:05,782] INFO [GroupCoordinator 1]: Elected as the group coordinator for partition 14 in epoch 0 (kafka.coordinator.group.GroupCoordinator)
lab6-kafka-1-1      | [2023-11-30 17:48:05,782] INFO [GroupMetadataManager brokerId=1] Scheduling loading of offsets and group metadata from __consumer_offsets-14 for epoch 0 (kafka.coordinator.group.GroupMetadataManager)
lab6-kafka-1-1      | [2023-11-30 17:48:05,782] INFO [GroupCoordinator 1]: Elected as the group coordinator for partition 48 in epoch 0 (kafka.coordinator.group.GroupCoordinator)
lab6-kafka-1-1      | [2023-11-30 17:48:05,782] INFO [GroupMetadataManager brokerId=1] Scheduling loading of offsets and group metadata from __consumer_offsets-48 for epoch 0 (kafka.coordinator.group.GroupMetadataManager)
lab6-kafka-1-1      | [2023-11-30 17:48:05,782] INFO [GroupCoordinator 1]: Elected as the group coordinator for partition 34 in epoch 0 (kafka.coordinator.group.GroupCoordinator)
lab6-kafka-1-1      | [2023-11-30 17:48:05,782] INFO [GroupMetadataManager brokerId=1] Scheduling loading of offsets and group metadata from __consumer_offsets-34 for epoch 0 (kafka.coordinator.group.GroupMetadataManager)
lab6-kafka-1-1      | [2023-11-30 17:48:05,782] INFO [GroupCoordinator 1]: Elected as the group coordinator for partition 4 in epoch 0 (kafka.coordinator.group.GroupCoordinator)
lab6-kafka-1-1      | [2023-11-30 17:48:05,782] INFO [GroupMetadataManager brokerId=1] Scheduling loading of offsets and group metadata from __consumer_offsets-4 for epoch 0 (kafka.coordinator.group.GroupMetadataManager)
lab6-kafka-1-1      | [2023-11-30 17:48:05,782] INFO [GroupCoordinator 1]: Elected as the group coordinator for partition 38 in epoch 0 (kafka.coordinator.group.GroupCoordinator)
lab6-kafka-1-1      | [2023-11-30 17:48:05,782] INFO [GroupMetadataManager brokerId=1] Scheduling loading of offsets and group metadata from __consumer_offsets-38 for epoch 0 (kafka.coordinator.group.GroupMetadataManager)
lab6-kafka-1-1      | [2023-11-30 17:48:05,782] INFO [GroupCoordinator 1]: Elected as the group coordinator for partition 8 in epoch 0 (kafka.coordinator.group.GroupCoordinator)
lab6-kafka-1-1      | [2023-11-30 17:48:05,782] INFO [GroupMetadataManager brokerId=1] Scheduling loading of offsets and group metadata from __consumer_offsets-8 for epoch 0 (kafka.coordinator.group.GroupMetadataManager)
lab6-kafka-1-1      | [2023-11-30 17:48:05,782] INFO [GroupCoordinator 1]: Elected as the group coordinator for partition 26 in epoch 0 (kafka.coordinator.group.GroupCoordinator)
lab6-kafka-1-1      | [2023-11-30 17:48:05,782] INFO [GroupMetadataManager brokerId=1] Scheduling loading of offsets and group metadata from __consumer_offsets-26 for epoch 0 (kafka.coordinator.group.GroupMetadataManager)
lab6-kafka-1-1      | [2023-11-30 17:48:05,782] INFO [GroupCoordinator 1]: Elected as the group coordinator for partition 30 in epoch 0 (kafka.coordinator.group.GroupCoordinator)
lab6-kafka-1-1      | [2023-11-30 17:48:05,782] INFO [GroupMetadataManager brokerId=1] Scheduling loading of offsets and group metadata from __consumer_offsets-30 for epoch 0 (kafka.coordinator.group.GroupMetadataManager)
lab6-kafka-1-1      | [2023-11-30 17:48:05,782] INFO [GroupCoordinator 1]: Elected as the group coordinator for partition 0 in epoch 0 (kafka.coordinator.group.GroupCoordinator)
lab6-kafka-1-1      | [2023-11-30 17:48:05,782] INFO [GroupMetadataManager brokerId=1] Scheduling loading of offsets and group metadata from __consumer_offsets-0 for epoch 0 (kafka.coordinator.group.GroupMetadataManager)
lab6-kafka-1-1      | [2023-11-30 17:48:05,782] INFO [GroupCoordinator 1]: Elected as the group coordinator for partition 20 in epoch 0 (kafka.coordinator.group.GroupCoordinator)
lab6-kafka-1-1      | [2023-11-30 17:48:05,782] INFO [GroupMetadataManager brokerId=1] Scheduling loading of offsets and group metadata from __consumer_offsets-20 for epoch 0 (kafka.coordinator.group.GroupMetadataManager)
lab6-kafka-1-1      | [2023-11-30 17:48:05,782] INFO [GroupCoordinator 1]: Elected as the group coordinator for partition 24 in epoch 0 (kafka.coordinator.group.GroupCoordinator)
lab6-kafka-1-1      | [2023-11-30 17:48:05,782] INFO [GroupMetadataManager brokerId=1] Scheduling loading of offsets and group metadata from __consumer_offsets-24 for epoch 0 (kafka.coordinator.group.GroupMetadataManager)
lab6-kafka-1-1      | [2023-11-30 17:48:05,782] INFO [GroupCoordinator 1]: Elected as the group coordinator for partition 42 in epoch 0 (kafka.coordinator.group.GroupCoordinator)
lab6-kafka-1-1      | [2023-11-30 17:48:05,782] INFO [GroupMetadataManager brokerId=1] Scheduling loading of offsets and group metadata from __consumer_offsets-42 for epoch 0 (kafka.coordinator.group.GroupMetadataManager)
lab6-kafka-1-1      | [2023-11-30 17:48:05,782] INFO [GroupCoordinator 1]: Elected as the group coordinator for partition 12 in epoch 0 (kafka.coordinator.group.GroupCoordinator)
lab6-kafka-1-1      | [2023-11-30 17:48:05,782] INFO [GroupMetadataManager brokerId=1] Scheduling loading of offsets and group metadata from __consumer_offsets-12 for epoch 0 (kafka.coordinator.group.GroupMetadataManager)
lab6-kafka-1-1      | [2023-11-30 17:48:05,782] INFO [GroupCoordinator 1]: Elected as the group coordinator for partition 46 in epoch 0 (kafka.coordinator.group.GroupCoordinator)
lab6-kafka-1-1      | [2023-11-30 17:48:05,782] INFO [GroupMetadataManager brokerId=1] Scheduling loading of offsets and group metadata from __consumer_offsets-46 for epoch 0 (kafka.coordinator.group.GroupMetadataManager)
lab6-kafka-1-1      | [2023-11-30 17:48:05,782] INFO [GroupCoordinator 1]: Elected as the group coordinator for partition 16 in epoch 0 (kafka.coordinator.group.GroupCoordinator)
lab6-kafka-1-1      | [2023-11-30 17:48:05,782] INFO [GroupMetadataManager brokerId=1] Scheduling loading of offsets and group metadata from __consumer_offsets-16 for epoch 0 (kafka.coordinator.group.GroupMetadataManager)
lab6-kafka-1-1      | [2023-11-30 17:48:05,782] INFO [GroupCoordinator 1]: Elected as the group coordinator for partition 2 in epoch 0 (kafka.coordinator.group.GroupCoordinator)
lab6-kafka-1-1      | [2023-11-30 17:48:05,782] INFO [GroupMetadataManager brokerId=1] Scheduling loading of offsets and group metadata from __consumer_offsets-2 for epoch 0 (kafka.coordinator.group.GroupMetadataManager)
lab6-kafka-1-1      | [2023-11-30 17:48:05,782] INFO [GroupCoordinator 1]: Elected as the group coordinator for partition 36 in epoch 0 (kafka.coordinator.group.GroupCoordinator)
lab6-kafka-1-1      | [2023-11-30 17:48:05,782] INFO [GroupMetadataManager brokerId=1] Scheduling loading of offsets and group metadata from __consumer_offsets-36 for epoch 0 (kafka.coordinator.group.GroupMetadataManager)
lab6-kafka-1-1      | [2023-11-30 17:48:05,782] INFO [GroupCoordinator 1]: Elected as the group coordinator for partition 6 in epoch 0 (kafka.coordinator.group.GroupCoordinator)
lab6-kafka-1-1      | [2023-11-30 17:48:05,782] INFO [GroupMetadataManager brokerId=1] Scheduling loading of offsets and group metadata from __consumer_offsets-6 for epoch 0 (kafka.coordinator.group.GroupMetadataManager)
lab6-kafka-1-1      | [2023-11-30 17:48:05,782] INFO [GroupCoordinator 1]: Elected as the group coordinator for partition 40 in epoch 0 (kafka.coordinator.group.GroupCoordinator)
lab6-kafka-1-1      | [2023-11-30 17:48:05,782] INFO [GroupMetadataManager brokerId=1] Scheduling loading of offsets and group metadata from __consumer_offsets-40 for epoch 0 (kafka.coordinator.group.GroupMetadataManager)
lab6-kafka-1-1      | [2023-11-30 17:48:05,782] INFO [GroupCoordinator 1]: Elected as the group coordinator for partition 28 in epoch 0 (kafka.coordinator.group.GroupCoordinator)
lab6-kafka-1-1      | [2023-11-30 17:48:05,782] INFO [GroupMetadataManager brokerId=1] Scheduling loading of offsets and group metadata from __consumer_offsets-28 for epoch 0 (kafka.coordinator.group.GroupMetadataManager)
lab6-kafka-1-1      | [2023-11-30 17:48:05,782] INFO [GroupCoordinator 1]: Elected as the group coordinator for partition 32 in epoch 0 (kafka.coordinator.group.GroupCoordinator)
lab6-kafka-1-1      | [2023-11-30 17:48:05,782] INFO [GroupMetadataManager brokerId=1] Scheduling loading of offsets and group metadata from __consumer_offsets-32 for epoch 0 (kafka.coordinator.group.GroupMetadataManager)
lab6-kafka-1-1      | [2023-11-30 17:48:05,783] INFO [Broker id=1] Finished LeaderAndIsr request in 59ms correlationId 1 from controller 1 for 26 partitions (state.change.logger)
lab6-kafka-2-1      | [2023-11-30 17:48:05,783] INFO [Partition __consumer_offsets-35 broker=2] Log loaded for partition __consumer_offsets-35 with initial high watermark 0 (kafka.cluster.Partition)
lab6-kafka-2-1      | [2023-11-30 17:48:05,783] INFO [Broker id=2] Leader __consumer_offsets-35 with topic id Some(M0QW10crSEy-ARRzEgKO2g) starts at leader epoch 0 from offset 0 with partition epoch 0, high watermark 0, ISR [2], adding replicas [] and removing replicas [] . Previous leader epoch was -1. (state.change.logger)
lab6-kafka-1-1      | [2023-11-30 17:48:05,783] INFO [GroupMetadataManager brokerId=1] Finished loading offsets and group metadata from __consumer_offsets-18 in 2 milliseconds for epoch 0, of which 1 milliseconds was spent in the scheduler. (kafka.coordinator.group.GroupMetadataManager)
lab6-kafka-1-1      | [2023-11-30 17:48:05,784] INFO [GroupMetadataManager brokerId=1] Finished loading offsets and group metadata from __consumer_offsets-22 in 2 milliseconds for epoch 0, of which 2 milliseconds was spent in the scheduler. (kafka.coordinator.group.GroupMetadataManager)
lab6-kafka-1-1      | [2023-11-30 17:48:05,784] INFO [GroupMetadataManager brokerId=1] Finished loading offsets and group metadata from __consumer_offsets-10 in 2 milliseconds for epoch 0, of which 2 milliseconds was spent in the scheduler. (kafka.coordinator.group.GroupMetadataManager)
lab6-kafka-1-1      | [2023-11-30 17:48:05,784] INFO [GroupMetadataManager brokerId=1] Finished loading offsets and group metadata from __consumer_offsets-44 in 2 milliseconds for epoch 0, of which 2 milliseconds was spent in the scheduler. (kafka.coordinator.group.GroupMetadataManager)
lab6-kafka-1-1      | [2023-11-30 17:48:05,784] INFO [GroupMetadataManager brokerId=1] Finished loading offsets and group metadata from __consumer_offsets-14 in 2 milliseconds for epoch 0, of which 2 milliseconds was spent in the scheduler. (kafka.coordinator.group.GroupMetadataManager)
lab6-kafka-1-1      | [2023-11-30 17:48:05,784] INFO [GroupMetadataManager brokerId=1] Finished loading offsets and group metadata from __consumer_offsets-48 in 2 milliseconds for epoch 0, of which 2 milliseconds was spent in the scheduler. (kafka.coordinator.group.GroupMetadataManager)
lab6-kafka-1-1      | [2023-11-30 17:48:05,784] INFO [GroupMetadataManager brokerId=1] Finished loading offsets and group metadata from __consumer_offsets-34 in 2 milliseconds for epoch 0, of which 2 milliseconds was spent in the scheduler. (kafka.coordinator.group.GroupMetadataManager)
lab6-kafka-1-1      | [2023-11-30 17:48:05,784] INFO [GroupMetadataManager brokerId=1] Finished loading offsets and group metadata from __consumer_offsets-4 in 2 milliseconds for epoch 0, of which 2 milliseconds was spent in the scheduler. (kafka.coordinator.group.GroupMetadataManager)
lab6-kafka-1-1      | [2023-11-30 17:48:05,784] INFO [GroupMetadataManager brokerId=1] Finished loading offsets and group metadata from __consumer_offsets-38 in 2 milliseconds for epoch 0, of which 2 milliseconds was spent in the scheduler. (kafka.coordinator.group.GroupMetadataManager)
lab6-kafka-1-1      | [2023-11-30 17:48:05,784] INFO [GroupMetadataManager brokerId=1] Finished loading offsets and group metadata from __consumer_offsets-8 in 2 milliseconds for epoch 0, of which 2 milliseconds was spent in the scheduler. (kafka.coordinator.group.GroupMetadataManager)
lab6-kafka-1-1      | [2023-11-30 17:48:05,784] INFO [GroupMetadataManager brokerId=1] Finished loading offsets and group metadata from __consumer_offsets-26 in 2 milliseconds for epoch 0, of which 2 milliseconds was spent in the scheduler. (kafka.coordinator.group.GroupMetadataManager)
lab6-kafka-1-1      | [2023-11-30 17:48:05,784] INFO [GroupMetadataManager brokerId=1] Finished loading offsets and group metadata from __consumer_offsets-30 in 2 milliseconds for epoch 0, of which 2 milliseconds was spent in the scheduler. (kafka.coordinator.group.GroupMetadataManager)
lab6-kafka-1-1      | [2023-11-30 17:48:05,784] INFO [GroupMetadataManager brokerId=1] Finished loading offsets and group metadata from __consumer_offsets-0 in 2 milliseconds for epoch 0, of which 2 milliseconds was spent in the scheduler. (kafka.coordinator.group.GroupMetadataManager)
lab6-kafka-1-1      | [2023-11-30 17:48:05,785] INFO [GroupMetadataManager brokerId=1] Finished loading offsets and group metadata from __consumer_offsets-20 in 2 milliseconds for epoch 0, of which 2 milliseconds was spent in the scheduler. (kafka.coordinator.group.GroupMetadataManager)
lab6-kafka-1-1      | [2023-11-30 17:48:05,785] INFO [GroupMetadataManager brokerId=1] Finished loading offsets and group metadata from __consumer_offsets-24 in 3 milliseconds for epoch 0, of which 3 milliseconds was spent in the scheduler. (kafka.coordinator.group.GroupMetadataManager)
lab6-kafka-1-1      | [2023-11-30 17:48:05,785] INFO [GroupMetadataManager brokerId=1] Finished loading offsets and group metadata from __consumer_offsets-42 in 3 milliseconds for epoch 0, of which 3 milliseconds was spent in the scheduler. (kafka.coordinator.group.GroupMetadataManager)
lab6-kafka-1-1      | [2023-11-30 17:48:05,785] INFO [GroupMetadataManager brokerId=1] Finished loading offsets and group metadata from __consumer_offsets-12 in 3 milliseconds for epoch 0, of which 3 milliseconds was spent in the scheduler. (kafka.coordinator.group.GroupMetadataManager)
lab6-kafka-2-1      | [2023-11-30 17:48:05,785] INFO [Partition __consumer_offsets-5 broker=2] Log loaded for partition __consumer_offsets-5 with initial high watermark 0 (kafka.cluster.Partition)
lab6-kafka-1-1      | [2023-11-30 17:48:05,785] INFO [GroupMetadataManager brokerId=1] Finished loading offsets and group metadata from __consumer_offsets-46 in 3 milliseconds for epoch 0, of which 3 milliseconds was spent in the scheduler. (kafka.coordinator.group.GroupMetadataManager)
lab6-kafka-1-1      | [2023-11-30 17:48:05,785] INFO [GroupMetadataManager brokerId=1] Finished loading offsets and group metadata from __consumer_offsets-16 in 3 milliseconds for epoch 0, of which 3 milliseconds was spent in the scheduler. (kafka.coordinator.group.GroupMetadataManager)
lab6-kafka-1-1      | [2023-11-30 17:48:05,785] INFO [GroupMetadataManager brokerId=1] Finished loading offsets and group metadata from __consumer_offsets-2 in 3 milliseconds for epoch 0, of which 3 milliseconds was spent in the scheduler. (kafka.coordinator.group.GroupMetadataManager)
lab6-kafka-2-1      | [2023-11-30 17:48:05,785] INFO [Broker id=2] Leader __consumer_offsets-5 with topic id Some(M0QW10crSEy-ARRzEgKO2g) starts at leader epoch 0 from offset 0 with partition epoch 0, high watermark 0, ISR [2], adding replicas [] and removing replicas [] . Previous leader epoch was -1. (state.change.logger)
lab6-kafka-1-1      | [2023-11-30 17:48:05,785] INFO [GroupMetadataManager brokerId=1] Finished loading offsets and group metadata from __consumer_offsets-36 in 3 milliseconds for epoch 0, of which 3 milliseconds was spent in the scheduler. (kafka.coordinator.group.GroupMetadataManager)
lab6-kafka-1-1      | [2023-11-30 17:48:05,785] INFO [GroupMetadataManager brokerId=1] Finished loading offsets and group metadata from __consumer_offsets-6 in 3 milliseconds for epoch 0, of which 3 milliseconds was spent in the scheduler. (kafka.coordinator.group.GroupMetadataManager)
lab6-kafka-1-1      | [2023-11-30 17:48:05,785] INFO [GroupMetadataManager brokerId=1] Finished loading offsets and group metadata from __consumer_offsets-40 in 3 milliseconds for epoch 0, of which 3 milliseconds was spent in the scheduler. (kafka.coordinator.group.GroupMetadataManager)
lab6-kafka-1-1      | [2023-11-30 17:48:05,785] TRACE [Controller id=1 epoch=2] Received response LeaderAndIsrResponseData(errorCode=0, partitionErrors=[], topics=[LeaderAndIsrTopicError(topicId=M0QW10crSEy-ARRzEgKO2g, partitionErrors=[LeaderAndIsrPartitionError(topicName='', partitionIndex=48, errorCode=0), LeaderAndIsrPartitionError(topicName='', partitionIndex=46, errorCode=0), LeaderAndIsrPartitionError(topicName='', partitionIndex=44, errorCode=0), LeaderAndIsrPartitionError(topicName='', partitionIndex=42, errorCode=0), LeaderAndIsrPartitionError(topicName='', partitionIndex=32, errorCode=0), LeaderAndIsrPartitionError(topicName='', partitionIndex=30, errorCode=0), LeaderAndIsrPartitionError(topicName='', partitionIndex=28, errorCode=0), LeaderAndIsrPartitionError(topicName='', partitionIndex=26, errorCode=0), LeaderAndIsrPartitionError(topicName='', partitionIndex=40, errorCode=0), LeaderAndIsrPartitionError(topicName='', partitionIndex=38, errorCode=0), LeaderAndIsrPartitionError(topicName='', partitionIndex=36, errorCode=0), LeaderAndIsrPartitionError(topicName='', partitionIndex=34, errorCode=0), LeaderAndIsrPartitionError(topicName='', partitionIndex=16, errorCode=0), LeaderAndIsrPartitionError(topicName='', partitionIndex=14, errorCode=0), LeaderAndIsrPartitionError(topicName='', partitionIndex=12, errorCode=0), LeaderAndIsrPartitionError(topicName='', partitionIndex=10, errorCode=0), LeaderAndIsrPartitionError(topicName='', partitionIndex=24, errorCode=0), LeaderAndIsrPartitionError(topicName='', partitionIndex=22, errorCode=0), LeaderAndIsrPartitionError(topicName='', partitionIndex=20, errorCode=0), LeaderAndIsrPartitionError(topicName='', partitionIndex=18, errorCode=0), LeaderAndIsrPartitionError(topicName='', partitionIndex=0, errorCode=0), LeaderAndIsrPartitionError(topicName='', partitionIndex=8, errorCode=0), LeaderAndIsrPartitionError(topicName='', partitionIndex=6, errorCode=0), LeaderAndIsrPartitionError(topicName='', partitionIndex=4, errorCode=0), LeaderAndIsrPartitionError(topicName='', partitionIndex=2, errorCode=0)]), LeaderAndIsrTopicError(topicId=KpZmwwQ8SnOMipRWBQ9wwA, partitionErrors=[LeaderAndIsrPartitionError(topicName='', partitionIndex=0, errorCode=0)])]) for request LEADER_AND_ISR with correlation id 1 sent to broker kafka-1:9092 (id: 1 rack: null) (state.change.logger)
lab6-kafka-1-1      | [2023-11-30 17:48:05,785] INFO [GroupMetadataManager brokerId=1] Finished loading offsets and group metadata from __consumer_offsets-28 in 3 milliseconds for epoch 0, of which 3 milliseconds was spent in the scheduler. (kafka.coordinator.group.GroupMetadataManager)
lab6-kafka-1-1      | [2023-11-30 17:48:05,785] INFO [GroupMetadataManager brokerId=1] Finished loading offsets and group metadata from __consumer_offsets-32 in 3 milliseconds for epoch 0, of which 3 milliseconds was spent in the scheduler. (kafka.coordinator.group.GroupMetadataManager)
lab6-kafka-2-1      | [2023-11-30 17:48:05,786] INFO [Partition __consumer_offsets-39 broker=2] Log loaded for partition __consumer_offsets-39 with initial high watermark 0 (kafka.cluster.Partition)
lab6-kafka-2-1      | [2023-11-30 17:48:05,786] INFO [Broker id=2] Leader __consumer_offsets-39 with topic id Some(M0QW10crSEy-ARRzEgKO2g) starts at leader epoch 0 from offset 0 with partition epoch 0, high watermark 0, ISR [2], adding replicas [] and removing replicas [] . Previous leader epoch was -1. (state.change.logger)
lab6-kafka-2-1      | [2023-11-30 17:48:05,787] INFO [Partition __consumer_offsets-9 broker=2] Log loaded for partition __consumer_offsets-9 with initial high watermark 0 (kafka.cluster.Partition)
lab6-kafka-2-1      | [2023-11-30 17:48:05,787] INFO [Broker id=2] Leader __consumer_offsets-9 with topic id Some(M0QW10crSEy-ARRzEgKO2g) starts at leader epoch 0 from offset 0 with partition epoch 0, high watermark 0, ISR [2], adding replicas [] and removing replicas [] . Previous leader epoch was -1. (state.change.logger)
lab6-kafka-1-1      | [2023-11-30 17:48:05,788] TRACE [Broker id=1] Cached leader info UpdateMetadataPartitionState(topicName='topic', partitionIndex=0, controllerEpoch=1, leader=1, leaderEpoch=0, isr=[1], zkVersion=0, replicas=[1], offlineReplicas=[]) for partition topic-0 in response to UpdateMetadata request sent by controller 1 epoch 2 with correlation id 2 (state.change.logger)
lab6-kafka-1-1      | [2023-11-30 17:48:05,788] TRACE [Broker id=1] Cached leader info UpdateMetadataPartitionState(topicName='__consumer_offsets', partitionIndex=13, controllerEpoch=1, leader=2, leaderEpoch=0, isr=[2], zkVersion=0, replicas=[2], offlineReplicas=[]) for partition __consumer_offsets-13 in response to UpdateMetadata request sent by controller 1 epoch 2 with correlation id 2 (state.change.logger)
lab6-kafka-1-1      | [2023-11-30 17:48:05,788] TRACE [Broker id=1] Cached leader info UpdateMetadataPartitionState(topicName='__consumer_offsets', partitionIndex=46, controllerEpoch=1, leader=1, leaderEpoch=0, isr=[1], zkVersion=0, replicas=[1], offlineReplicas=[]) for partition __consumer_offsets-46 in response to UpdateMetadata request sent by controller 1 epoch 2 with correlation id 2 (state.change.logger)
lab6-kafka-1-1      | [2023-11-30 17:48:05,788] TRACE [Broker id=1] Cached leader info UpdateMetadataPartitionState(topicName='__consumer_offsets', partitionIndex=9, controllerEpoch=1, leader=2, leaderEpoch=0, isr=[2], zkVersion=0, replicas=[2], offlineReplicas=[]) for partition __consumer_offsets-9 in response to UpdateMetadata request sent by controller 1 epoch 2 with correlation id 2 (state.change.logger)
lab6-kafka-1-1      | [2023-11-30 17:48:05,788] TRACE [Broker id=1] Cached leader info UpdateMetadataPartitionState(topicName='__consumer_offsets', partitionIndex=42, controllerEpoch=1, leader=1, leaderEpoch=0, isr=[1], zkVersion=0, replicas=[1], offlineReplicas=[]) for partition __consumer_offsets-42 in response to UpdateMetadata request sent by controller 1 epoch 2 with correlation id 2 (state.change.logger)
lab6-kafka-1-1      | [2023-11-30 17:48:05,788] TRACE [Broker id=1] Cached leader info UpdateMetadataPartitionState(topicName='__consumer_offsets', partitionIndex=21, controllerEpoch=1, leader=2, leaderEpoch=0, isr=[2], zkVersion=0, replicas=[2], offlineReplicas=[]) for partition __consumer_offsets-21 in response to UpdateMetadata request sent by controller 1 epoch 2 with correlation id 2 (state.change.logger)
lab6-kafka-1-1      | [2023-11-30 17:48:05,788] TRACE [Broker id=1] Cached leader info UpdateMetadataPartitionState(topicName='__consumer_offsets', partitionIndex=17, controllerEpoch=1, leader=2, leaderEpoch=0, isr=[2], zkVersion=0, replicas=[2], offlineReplicas=[]) for partition __consumer_offsets-17 in response to UpdateMetadata request sent by controller 1 epoch 2 with correlation id 2 (state.change.logger)
lab6-kafka-1-1      | [2023-11-30 17:48:05,788] TRACE [Broker id=1] Cached leader info UpdateMetadataPartitionState(topicName='__consumer_offsets', partitionIndex=30, controllerEpoch=1, leader=1, leaderEpoch=0, isr=[1], zkVersion=0, replicas=[1], offlineReplicas=[]) for partition __consumer_offsets-30 in response to UpdateMetadata request sent by controller 1 epoch 2 with correlation id 2 (state.change.logger)
lab6-kafka-1-1      | [2023-11-30 17:48:05,788] TRACE [Broker id=1] Cached leader info UpdateMetadataPartitionState(topicName='__consumer_offsets', partitionIndex=26, controllerEpoch=1, leader=1, leaderEpoch=0, isr=[1], zkVersion=0, replicas=[1], offlineReplicas=[]) for partition __consumer_offsets-26 in response to UpdateMetadata request sent by controller 1 epoch 2 with correlation id 2 (state.change.logger)
lab6-kafka-1-1      | [2023-11-30 17:48:05,788] TRACE [Broker id=1] Cached leader info UpdateMetadataPartitionState(topicName='__consumer_offsets', partitionIndex=5, controllerEpoch=1, leader=2, leaderEpoch=0, isr=[2], zkVersion=0, replicas=[2], offlineReplicas=[]) for partition __consumer_offsets-5 in response to UpdateMetadata request sent by controller 1 epoch 2 with correlation id 2 (state.change.logger)
lab6-kafka-1-1      | [2023-11-30 17:48:05,788] TRACE [Broker id=1] Cached leader info UpdateMetadataPartitionState(topicName='__consumer_offsets', partitionIndex=38, controllerEpoch=1, leader=1, leaderEpoch=0, isr=[1], zkVersion=0, replicas=[1], offlineReplicas=[]) for partition __consumer_offsets-38 in response to UpdateMetadata request sent by controller 1 epoch 2 with correlation id 2 (state.change.logger)
lab6-kafka-1-1      | [2023-11-30 17:48:05,788] TRACE [Broker id=1] Cached leader info UpdateMetadataPartitionState(topicName='__consumer_offsets', partitionIndex=1, controllerEpoch=1, leader=2, leaderEpoch=0, isr=[2], zkVersion=0, replicas=[2], offlineReplicas=[]) for partition __consumer_offsets-1 in response to UpdateMetadata request sent by controller 1 epoch 2 with correlation id 2 (state.change.logger)
lab6-kafka-1-1      | [2023-11-30 17:48:05,788] TRACE [Broker id=1] Cached leader info UpdateMetadataPartitionState(topicName='__consumer_offsets', partitionIndex=34, controllerEpoch=1, leader=1, leaderEpoch=0, isr=[1], zkVersion=0, replicas=[1], offlineReplicas=[]) for partition __consumer_offsets-34 in response to UpdateMetadata request sent by controller 1 epoch 2 with correlation id 2 (state.change.logger)
lab6-kafka-1-1      | [2023-11-30 17:48:05,788] TRACE [Broker id=1] Cached leader info UpdateMetadataPartitionState(topicName='__consumer_offsets', partitionIndex=16, controllerEpoch=1, leader=1, leaderEpoch=0, isr=[1], zkVersion=0, replicas=[1], offlineReplicas=[]) for partition __consumer_offsets-16 in response to UpdateMetadata request sent by controller 1 epoch 2 with correlation id 2 (state.change.logger)
lab6-kafka-1-1      | [2023-11-30 17:48:05,788] TRACE [Broker id=1] Cached leader info UpdateMetadataPartitionState(topicName='__consumer_offsets', partitionIndex=45, controllerEpoch=1, leader=2, leaderEpoch=0, isr=[2], zkVersion=0, replicas=[2], offlineReplicas=[]) for partition __consumer_offsets-45 in response to UpdateMetadata request sent by controller 1 epoch 2 with correlation id 2 (state.change.logger)
lab6-kafka-1-1      | [2023-11-30 17:48:05,788] TRACE [Broker id=1] Cached leader info UpdateMetadataPartitionState(topicName='__consumer_offsets', partitionIndex=12, controllerEpoch=1, leader=1, leaderEpoch=0, isr=[1], zkVersion=0, replicas=[1], offlineReplicas=[]) for partition __consumer_offsets-12 in response to UpdateMetadata request sent by controller 1 epoch 2 with correlation id 2 (state.change.logger)
lab6-kafka-1-1      | [2023-11-30 17:48:05,788] TRACE [Broker id=1] Cached leader info UpdateMetadataPartitionState(topicName='__consumer_offsets', partitionIndex=41, controllerEpoch=1, leader=2, leaderEpoch=0, isr=[2], zkVersion=0, replicas=[2], offlineReplicas=[]) for partition __consumer_offsets-41 in response to UpdateMetadata request sent by controller 1 epoch 2 with correlation id 2 (state.change.logger)
lab6-kafka-1-1      | [2023-11-30 17:48:05,788] TRACE [Broker id=1] Cached leader info UpdateMetadataPartitionState(topicName='__consumer_offsets', partitionIndex=24, controllerEpoch=1, leader=1, leaderEpoch=0, isr=[1], zkVersion=0, replicas=[1], offlineReplicas=[]) for partition __consumer_offsets-24 in response to UpdateMetadata request sent by controller 1 epoch 2 with correlation id 2 (state.change.logger)
lab6-kafka-1-1      | [2023-11-30 17:48:05,788] TRACE [Broker id=1] Cached leader info UpdateMetadataPartitionState(topicName='__consumer_offsets', partitionIndex=20, controllerEpoch=1, leader=1, leaderEpoch=0, isr=[1], zkVersion=0, replicas=[1], offlineReplicas=[]) for partition __consumer_offsets-20 in response to UpdateMetadata request sent by controller 1 epoch 2 with correlation id 2 (state.change.logger)
