lab6-kafka-1-1      | [2023-11-30 17:48:05,317] INFO [MetadataCache brokerId=1] Updated cache from existing <empty> to latest FinalizedFeaturesAndEpoch(features=Map(), epoch=0). (kafka.server.metadata.ZkMetadataCache)
lab6-kafka-2-1      | [2023-11-30 17:48:05,321] INFO [zk-broker-2-to-controller-forwarding-channel-manager]: Starting (kafka.server.BrokerToControllerRequestThread)
lab6-kafka-1-1      | [2023-11-30 17:48:05,326] INFO [zk-broker-1-to-controller-forwarding-channel-manager]: Starting (kafka.server.BrokerToControllerRequestThread)
lab6-kafka-2-1      | [2023-11-30 17:48:05,437] INFO Updated connection-accept-rate max connection creation rate to 2147483647 (kafka.network.ConnectionQuotas)
lab6-kafka-1-1      | [2023-11-30 17:48:05,441] INFO Updated connection-accept-rate max connection creation rate to 2147483647 (kafka.network.ConnectionQuotas)
lab6-kafka-2-1      | [2023-11-30 17:48:05,447] INFO [SocketServer listenerType=ZK_BROKER, nodeId=2] Created data-plane acceptor and processors for endpoint : ListenerName(PLAINTEXT) (kafka.network.SocketServer)
lab6-kafka-2-1      | [2023-11-30 17:48:05,447] INFO Updated connection-accept-rate max connection creation rate to 2147483647 (kafka.network.ConnectionQuotas)
lab6-kafka-2-1      | [2023-11-30 17:48:05,449] INFO [SocketServer listenerType=ZK_BROKER, nodeId=2] Created data-plane acceptor and processors for endpoint : ListenerName(PLAINTEXT_HOST) (kafka.network.SocketServer)
lab6-kafka-1-1      | [2023-11-30 17:48:05,451] INFO [SocketServer listenerType=ZK_BROKER, nodeId=1] Created data-plane acceptor and processors for endpoint : ListenerName(PLAINTEXT) (kafka.network.SocketServer)
lab6-kafka-2-1      | [2023-11-30 17:48:05,451] INFO [zk-broker-2-to-controller-alter-partition-channel-manager]: Starting (kafka.server.BrokerToControllerRequestThread)
lab6-kafka-1-1      | [2023-11-30 17:48:05,451] INFO Updated connection-accept-rate max connection creation rate to 2147483647 (kafka.network.ConnectionQuotas)
lab6-kafka-1-1      | [2023-11-30 17:48:05,453] INFO [SocketServer listenerType=ZK_BROKER, nodeId=1] Created data-plane acceptor and processors for endpoint : ListenerName(PLAINTEXT_HOST) (kafka.network.SocketServer)
lab6-kafka-1-1      | [2023-11-30 17:48:05,455] INFO [zk-broker-1-to-controller-alter-partition-channel-manager]: Starting (kafka.server.BrokerToControllerRequestThread)
lab6-kafka-2-1      | [2023-11-30 17:48:05,460] INFO [ExpirationReaper-2-Produce]: Starting (kafka.server.DelayedOperationPurgatory$ExpiredOperationReaper)
lab6-kafka-2-1      | [2023-11-30 17:48:05,460] INFO [ExpirationReaper-2-Fetch]: Starting (kafka.server.DelayedOperationPurgatory$ExpiredOperationReaper)
lab6-kafka-2-1      | [2023-11-30 17:48:05,461] INFO [ExpirationReaper-2-DeleteRecords]: Starting (kafka.server.DelayedOperationPurgatory$ExpiredOperationReaper)
lab6-kafka-2-1      | [2023-11-30 17:48:05,461] INFO [ExpirationReaper-2-ElectLeader]: Starting (kafka.server.DelayedOperationPurgatory$ExpiredOperationReaper)
lab6-kafka-1-1      | [2023-11-30 17:48:05,464] INFO [ExpirationReaper-1-Produce]: Starting (kafka.server.DelayedOperationPurgatory$ExpiredOperationReaper)
lab6-kafka-1-1      | [2023-11-30 17:48:05,464] INFO [ExpirationReaper-1-Fetch]: Starting (kafka.server.DelayedOperationPurgatory$ExpiredOperationReaper)
lab6-kafka-1-1      | [2023-11-30 17:48:05,465] INFO [ExpirationReaper-1-DeleteRecords]: Starting (kafka.server.DelayedOperationPurgatory$ExpiredOperationReaper)
lab6-kafka-1-1      | [2023-11-30 17:48:05,465] INFO [ExpirationReaper-1-ElectLeader]: Starting (kafka.server.DelayedOperationPurgatory$ExpiredOperationReaper)
lab6-kafka-2-1      | [2023-11-30 17:48:05,466] INFO [LogDirFailureHandler]: Starting (kafka.server.ReplicaManager$LogDirFailureHandler)
lab6-kafka-1-1      | [2023-11-30 17:48:05,470] INFO [LogDirFailureHandler]: Starting (kafka.server.ReplicaManager$LogDirFailureHandler)
lab6-kafka-2-1      | [2023-11-30 17:48:05,485] INFO Creating /brokers/ids/2 (is it secure? false) (kafka.zk.KafkaZkClient)
lab6-kafka-1-1      | [2023-11-30 17:48:05,488] INFO Creating /brokers/ids/1 (is it secure? false) (kafka.zk.KafkaZkClient)
lab6-kafka-1-1      | [2023-11-30 17:48:05,496] INFO Stat of the created znode at /brokers/ids/1 is: 197,197,1701366485492,1701366485492,1,0,0,72057766478413824,262,0,197
lab6-kafka-1-1      |  (kafka.zk.KafkaZkClient)
lab6-kafka-2-1      | [2023-11-30 17:48:05,496] INFO Stat of the created znode at /brokers/ids/2 is: 196,196,1701366485491,1701366485491,1,0,0,72057766478413825,262,0,196
lab6-kafka-2-1      |  (kafka.zk.KafkaZkClient)
lab6-kafka-1-1      | [2023-11-30 17:48:05,496] INFO Registered broker 1 at path /brokers/ids/1 with addresses: PLAINTEXT://kafka-1:9092,PLAINTEXT_HOST://localhost:29092, czxid (broker epoch): 197 (kafka.zk.KafkaZkClient)
lab6-kafka-2-1      | [2023-11-30 17:48:05,496] INFO Registered broker 2 at path /brokers/ids/2 with addresses: PLAINTEXT://kafka-2:9092,PLAINTEXT_HOST://localhost:39092, czxid (broker epoch): 196 (kafka.zk.KafkaZkClient)
lab6-kafka-1-1      | [2023-11-30 17:48:05,519] INFO [ControllerEventThread controllerId=1] Starting (kafka.controller.ControllerEventManager$ControllerEventThread)
lab6-kafka-2-1      | [2023-11-30 17:48:05,520] INFO [ControllerEventThread controllerId=2] Starting (kafka.controller.ControllerEventManager$ControllerEventThread)
lab6-kafka-1-1      | [2023-11-30 17:48:05,522] INFO [ExpirationReaper-1-topic]: Starting (kafka.server.DelayedOperationPurgatory$ExpiredOperationReaper)
lab6-kafka-2-1      | [2023-11-30 17:48:05,524] INFO [ExpirationReaper-2-topic]: Starting (kafka.server.DelayedOperationPurgatory$ExpiredOperationReaper)
lab6-kafka-1-1      | [2023-11-30 17:48:05,525] INFO [ExpirationReaper-1-Heartbeat]: Starting (kafka.server.DelayedOperationPurgatory$ExpiredOperationReaper)
lab6-kafka-1-1      | [2023-11-30 17:48:05,526] INFO [ExpirationReaper-1-Rebalance]: Starting (kafka.server.DelayedOperationPurgatory$ExpiredOperationReaper)
lab6-kafka-2-1      | [2023-11-30 17:48:05,527] INFO [ExpirationReaper-2-Heartbeat]: Starting (kafka.server.DelayedOperationPurgatory$ExpiredOperationReaper)
lab6-kafka-2-1      | [2023-11-30 17:48:05,528] INFO [ExpirationReaper-2-Rebalance]: Starting (kafka.server.DelayedOperationPurgatory$ExpiredOperationReaper)
lab6-kafka-1-1      | [2023-11-30 17:48:05,529] INFO [Controller id=1] 1 successfully elected as the controller. Epoch incremented to 2 and epoch zk version is now 2 (kafka.controller.KafkaController)
lab6-kafka-1-1      | [2023-11-30 17:48:05,530] INFO [Controller id=1] Registering handlers (kafka.controller.KafkaController)
lab6-kafka-1-1      | [2023-11-30 17:48:05,532] INFO [Controller id=1] Deleting log dir event notifications (kafka.controller.KafkaController)
lab6-kafka-1-1      | [2023-11-30 17:48:05,534] INFO [GroupCoordinator 1]: Starting up. (kafka.coordinator.group.GroupCoordinator)
lab6-kafka-2-1      | [2023-11-30 17:48:05,533] DEBUG [Controller id=2] Broker 1 was elected as controller instead of broker 2 (kafka.controller.KafkaController)
lab6-kafka-2-1      | org.apache.kafka.common.errors.ControllerMovedException: Controller moved to another broker. Aborting controller startup procedure
lab6-kafka-1-1      | [2023-11-30 17:48:05,534] INFO [Controller id=1] Deleting isr change notifications (kafka.controller.KafkaController)
lab6-kafka-2-1      | [2023-11-30 17:48:05,535] INFO [GroupCoordinator 2]: Starting up. (kafka.coordinator.group.GroupCoordinator)
lab6-kafka-1-1      | [2023-11-30 17:48:05,536] INFO [Controller id=1] Initializing controller context (kafka.controller.KafkaController)
lab6-kafka-1-1      | [2023-11-30 17:48:05,540] INFO [GroupCoordinator 1]: Startup complete. (kafka.coordinator.group.GroupCoordinator)
lab6-kafka-2-1      | [2023-11-30 17:48:05,541] INFO [GroupCoordinator 2]: Startup complete. (kafka.coordinator.group.GroupCoordinator)
lab6-kafka-1-1      | [2023-11-30 17:48:05,543] INFO [Controller id=1] Initialized broker epochs cache: HashMap(1 -> 197, 2 -> 196) (kafka.controller.KafkaController)
lab6-kafka-1-1      | [2023-11-30 17:48:05,547] INFO [TransactionCoordinator id=1] Starting up. (kafka.coordinator.transaction.TransactionCoordinator)
lab6-kafka-2-1      | [2023-11-30 17:48:05,548] INFO [TransactionCoordinator id=2] Starting up. (kafka.coordinator.transaction.TransactionCoordinator)
lab6-kafka-1-1      | [2023-11-30 17:48:05,549] DEBUG [Controller id=1] Register BrokerModifications handler for Set(1, 2) (kafka.controller.KafkaController)
lab6-kafka-1-1      | [2023-11-30 17:48:05,549] INFO [TransactionCoordinator id=1] Startup complete. (kafka.coordinator.transaction.TransactionCoordinator)
lab6-kafka-1-1      | [2023-11-30 17:48:05,549] INFO [TxnMarkerSenderThread-1]: Starting (kafka.coordinator.transaction.TransactionMarkerChannelManager)
lab6-kafka-2-1      | [2023-11-30 17:48:05,550] INFO [TxnMarkerSenderThread-2]: Starting (kafka.coordinator.transaction.TransactionMarkerChannelManager)
lab6-kafka-2-1      | [2023-11-30 17:48:05,550] INFO [TransactionCoordinator id=2] Startup complete. (kafka.coordinator.transaction.TransactionCoordinator)
lab6-kafka-1-1      | [2023-11-30 17:48:05,567] INFO [ExpirationReaper-1-AlterAcls]: Starting (kafka.server.DelayedOperationPurgatory$ExpiredOperationReaper)
lab6-kafka-2-1      | [2023-11-30 17:48:05,568] INFO [ExpirationReaper-2-AlterAcls]: Starting (kafka.server.DelayedOperationPurgatory$ExpiredOperationReaper)
lab6-kafka-1-1      | [2023-11-30 17:48:05,575] DEBUG [Channel manager on controller 1]: Controller 1 trying to connect to broker 2 (kafka.controller.ControllerChannelManager)
lab6-kafka-1-1      | [2023-11-30 17:48:05,578] DEBUG [Channel manager on controller 1]: Controller 1 trying to connect to broker 1 (kafka.controller.ControllerChannelManager)
lab6-kafka-1-1      | [2023-11-30 17:48:05,580] INFO [/config/changes-event-process-thread]: Starting (kafka.common.ZkNodeChangeNotificationListener$ChangeEventProcessThread)
lab6-kafka-1-1      | [2023-11-30 17:48:05,580] INFO [RequestSendThread controllerId=1] Starting (kafka.controller.RequestSendThread)
lab6-kafka-1-1      | [2023-11-30 17:48:05,580] INFO [RequestSendThread controllerId=1] Starting (kafka.controller.RequestSendThread)
lab6-kafka-1-1      | [2023-11-30 17:48:05,581] INFO [Controller id=1] Currently active brokers in the cluster: Set(1, 2) (kafka.controller.KafkaController)
lab6-kafka-2-1      | [2023-11-30 17:48:05,582] INFO [/config/changes-event-process-thread]: Starting (kafka.common.ZkNodeChangeNotificationListener$ChangeEventProcessThread)
lab6-kafka-1-1      | [2023-11-30 17:48:05,582] INFO [Controller id=1] Currently shutting brokers in the cluster: HashSet() (kafka.controller.KafkaController)
lab6-kafka-1-1      | [2023-11-30 17:48:05,582] INFO [Controller id=1] Current list of topics in the cluster: HashSet(topic, __consumer_offsets) (kafka.controller.KafkaController)
lab6-kafka-1-1      | [2023-11-30 17:48:05,582] INFO [Controller id=1] Fetching topic deletions in progress (kafka.controller.KafkaController)
lab6-kafka-1-1      | [2023-11-30 17:48:05,585] INFO [Controller id=1] List of topics to be deleted:  (kafka.controller.KafkaController)
lab6-kafka-1-1      | [2023-11-30 17:48:05,585] INFO [Controller id=1] List of topics ineligible for deletion:  (kafka.controller.KafkaController)
lab6-kafka-1-1      | [2023-11-30 17:48:05,585] INFO [Controller id=1] Initializing topic deletion manager (kafka.controller.KafkaController)
lab6-kafka-1-1      | [2023-11-30 17:48:05,585] INFO [Topic Deletion Manager 1] Initializing manager with initial deletions: Set(), initial ineligible deletions: HashSet() (kafka.controller.TopicDeletionManager)
lab6-kafka-1-1      | [2023-11-30 17:48:05,586] INFO [Controller id=1] Sending update metadata request (kafka.controller.KafkaController)
lab6-kafka-1-1      | [2023-11-30 17:48:05,587] INFO [Controller id=1 epoch=2] Sending UpdateMetadata request to brokers HashSet(1, 2) for 0 partitions (state.change.logger)
lab6-kafka-1-1      | [2023-11-30 17:48:05,590] INFO [SocketServer listenerType=ZK_BROKER, nodeId=1] Enabling request processing. (kafka.network.SocketServer)
lab6-kafka-1-1      | [2023-11-30 17:48:05,591] INFO [ReplicaStateMachine controllerId=1] Initializing replica state (kafka.controller.ZkReplicaStateMachine)
lab6-kafka-1-1      | [2023-11-30 17:48:05,592] INFO Awaiting socket connections on 0.0.0.0:29092. (kafka.network.DataPlaneAcceptor)
lab6-kafka-2-1      | [2023-11-30 17:48:05,592] INFO [SocketServer listenerType=ZK_BROKER, nodeId=2] Enabling request processing. (kafka.network.SocketServer)
lab6-kafka-2-1      | [2023-11-30 17:48:05,594] INFO Awaiting socket connections on 0.0.0.0:9092. (kafka.network.DataPlaneAcceptor)
lab6-kafka-1-1      | [2023-11-30 17:48:05,598] INFO Awaiting socket connections on 0.0.0.0:9092. (kafka.network.DataPlaneAcceptor)
lab6-kafka-2-1      | [2023-11-30 17:48:05,598] INFO Awaiting socket connections on 0.0.0.0:39092. (kafka.network.DataPlaneAcceptor)
lab6-kafka-1-1      | [2023-11-30 17:48:05,602] INFO [ReplicaStateMachine controllerId=1] Triggering online replica state changes (kafka.controller.ZkReplicaStateMachine)
lab6-kafka-2-1      | [2023-11-30 17:48:05,603] INFO Kafka version: 7.5.2-ccs (org.apache.kafka.common.utils.AppInfoParser)
lab6-kafka-2-1      | [2023-11-30 17:48:05,603] INFO Kafka commitId: 8f1346537b7bbf271a32d604161e972ff9b9f9a3 (org.apache.kafka.common.utils.AppInfoParser)
lab6-kafka-2-1      | [2023-11-30 17:48:05,603] INFO Kafka startTimeMs: 1701366485600 (org.apache.kafka.common.utils.AppInfoParser)
lab6-kafka-2-1      | [2023-11-30 17:48:05,604] INFO [KafkaServer id=2] started (kafka.server.KafkaServer)
lab6-kafka-1-1      | [2023-11-30 17:48:05,605] INFO [Controller id=1, targetBrokerId=2] Node 2 disconnected. (org.apache.kafka.clients.NetworkClient)
lab6-kafka-1-1      | [2023-11-30 17:48:05,606] WARN [Controller id=1, targetBrokerId=2] Connection to node 2 (kafka-2/172.28.0.4:9092) could not be established. Broker may not be available. (org.apache.kafka.clients.NetworkClient)
lab6-kafka-1-1      | [2023-11-30 17:48:05,607] INFO [Controller id=1, targetBrokerId=1] Node 1 disconnected. (org.apache.kafka.clients.NetworkClient)
lab6-kafka-1-1      | [2023-11-30 17:48:05,608] INFO Kafka version: 7.5.2-ccs (org.apache.kafka.common.utils.AppInfoParser)
lab6-kafka-1-1      | [2023-11-30 17:48:05,608] INFO Kafka commitId: 8f1346537b7bbf271a32d604161e972ff9b9f9a3 (org.apache.kafka.common.utils.AppInfoParser)
lab6-kafka-1-1      | [2023-11-30 17:48:05,608] INFO Kafka startTimeMs: 1701366485602 (org.apache.kafka.common.utils.AppInfoParser)
lab6-kafka-1-1      | [2023-11-30 17:48:05,608] WARN [RequestSendThread controllerId=1] Controller 1's connection to broker kafka-2:9092 (id: 2 rack: null) was unsuccessful (kafka.controller.RequestSendThread)
lab6-kafka-1-1      | java.io.IOException: Connection to kafka-2:9092 (id: 2 rack: null) failed.
lab6-kafka-1-1      | 	at org.apache.kafka.clients.NetworkClientUtils.awaitReady(NetworkClientUtils.java:70)
lab6-kafka-1-1      | 	at kafka.controller.RequestSendThread.brokerReady(ControllerChannelManager.scala:296)
lab6-kafka-1-1      | 	at kafka.controller.RequestSendThread.doWork(ControllerChannelManager.scala:249)
lab6-kafka-1-1      | 	at org.apache.kafka.server.util.ShutdownableThread.run(ShutdownableThread.java:127)
lab6-kafka-1-1      | [2023-11-30 17:48:05,609] INFO [Controller id=1, targetBrokerId=2] Client requested connection close from node 2 (org.apache.kafka.clients.NetworkClient)
lab6-kafka-1-1      | [2023-11-30 17:48:05,608] WARN [Controller id=1, targetBrokerId=1] Connection to node 1 (kafka-1/172.28.0.5:9092) could not be established. Broker may not be available. (org.apache.kafka.clients.NetworkClient)
lab6-kafka-1-1      | [2023-11-30 17:48:05,609] INFO [KafkaServer id=1] started (kafka.server.KafkaServer)
lab6-kafka-1-1      | [2023-11-30 17:48:05,610] WARN [RequestSendThread controllerId=1] Controller 1's connection to broker kafka-1:9092 (id: 1 rack: null) was unsuccessful (kafka.controller.RequestSendThread)
lab6-kafka-1-1      | java.io.IOException: Connection to kafka-1:9092 (id: 1 rack: null) failed.
lab6-kafka-1-1      | 	at org.apache.kafka.clients.NetworkClientUtils.awaitReady(NetworkClientUtils.java:70)
lab6-kafka-1-1      | 	at kafka.controller.RequestSendThread.brokerReady(ControllerChannelManager.scala:296)
lab6-kafka-1-1      | 	at kafka.controller.RequestSendThread.doWork(ControllerChannelManager.scala:249)
lab6-kafka-1-1      | 	at org.apache.kafka.server.util.ShutdownableThread.run(ShutdownableThread.java:127)
lab6-kafka-1-1      | [2023-11-30 17:48:05,610] INFO [Controller id=1, targetBrokerId=1] Client requested connection close from node 1 (org.apache.kafka.clients.NetworkClient)
lab6-kafka-1-1      | [2023-11-30 17:48:05,612] TRACE [Controller id=1 epoch=2] Changed state of replica 1 for partition __consumer_offsets-46 from OnlineReplica to OnlineReplica (state.change.logger)
lab6-kafka-1-1      | [2023-11-30 17:48:05,612] TRACE [Controller id=1 epoch=2] Changed state of replica 1 for partition __consumer_offsets-8 from OnlineReplica to OnlineReplica (state.change.logger)
lab6-kafka-1-1      | [2023-11-30 17:48:05,612] TRACE [Controller id=1 epoch=2] Changed state of replica 1 for partition __consumer_offsets-20 from OnlineReplica to OnlineReplica (state.change.logger)
lab6-kafka-1-1      | [2023-11-30 17:48:05,612] TRACE [Controller id=1 epoch=2] Changed state of replica 1 for partition __consumer_offsets-30 from OnlineReplica to OnlineReplica (state.change.logger)
lab6-kafka-1-1      | [2023-11-30 17:48:05,612] TRACE [Controller id=1 epoch=2] Changed state of replica 1 for partition __consumer_offsets-0 from OnlineReplica to OnlineReplica (state.change.logger)
lab6-kafka-1-1      | [2023-11-30 17:48:05,612] TRACE [Controller id=1 epoch=2] Changed state of replica 1 for partition __consumer_offsets-40 from OnlineReplica to OnlineReplica (state.change.logger)
lab6-kafka-1-1      | [2023-11-30 17:48:05,612] TRACE [Controller id=1 epoch=2] Changed state of replica 1 for partition __consumer_offsets-10 from OnlineReplica to OnlineReplica (state.change.logger)
lab6-kafka-1-1      | [2023-11-30 17:48:05,612] TRACE [Controller id=1 epoch=2] Changed state of replica 1 for partition __consumer_offsets-4 from OnlineReplica to OnlineReplica (state.change.logger)
lab6-kafka-1-1      | [2023-11-30 17:48:05,612] TRACE [Controller id=1 epoch=2] Changed state of replica 1 for partition __consumer_offsets-16 from OnlineReplica to OnlineReplica (state.change.logger)
lab6-kafka-1-1      | [2023-11-30 17:48:05,612] TRACE [Controller id=1 epoch=2] Changed state of replica 1 for partition __consumer_offsets-26 from OnlineReplica to OnlineReplica (state.change.logger)
lab6-kafka-1-1      | [2023-11-30 17:48:05,612] TRACE [Controller id=1 epoch=2] Changed state of replica 1 for partition __consumer_offsets-2 from OnlineReplica to OnlineReplica (state.change.logger)
lab6-kafka-1-1      | [2023-11-30 17:48:05,612] TRACE [Controller id=1 epoch=2] Changed state of replica 1 for partition __consumer_offsets-34 from OnlineReplica to OnlineReplica (state.change.logger)
lab6-kafka-1-1      | [2023-11-30 17:48:05,613] TRACE [Controller id=1 epoch=2] Changed state of replica 1 for partition __consumer_offsets-24 from OnlineReplica to OnlineReplica (state.change.logger)
lab6-kafka-1-1      | [2023-11-30 17:48:05,613] TRACE [Controller id=1 epoch=2] Changed state of replica 1 for partition __consumer_offsets-32 from OnlineReplica to OnlineReplica (state.change.logger)
lab6-kafka-1-1      | [2023-11-30 17:48:05,613] TRACE [Controller id=1 epoch=2] Changed state of replica 1 for partition __consumer_offsets-36 from OnlineReplica to OnlineReplica (state.change.logger)
lab6-kafka-1-1      | [2023-11-30 17:48:05,613] TRACE [Controller id=1 epoch=2] Changed state of replica 1 for partition __consumer_offsets-48 from OnlineReplica to OnlineReplica (state.change.logger)
lab6-kafka-1-1      | [2023-11-30 17:48:05,613] TRACE [Controller id=1 epoch=2] Changed state of replica 1 for partition __consumer_offsets-18 from OnlineReplica to OnlineReplica (state.change.logger)
lab6-kafka-1-1      | [2023-11-30 17:48:05,614] TRACE [Controller id=1 epoch=2] Changed state of replica 1 for partition __consumer_offsets-44 from OnlineReplica to OnlineReplica (state.change.logger)
lab6-kafka-1-1      | [2023-11-30 17:48:05,614] TRACE [Controller id=1 epoch=2] Changed state of replica 1 for partition __consumer_offsets-6 from OnlineReplica to OnlineReplica (state.change.logger)
lab6-kafka-1-1      | [2023-11-30 17:48:05,614] TRACE [Controller id=1 epoch=2] Changed state of replica 1 for partition topic-0 from OnlineReplica to OnlineReplica (state.change.logger)
lab6-kafka-1-1      | [2023-11-30 17:48:05,614] TRACE [Controller id=1 epoch=2] Changed state of replica 1 for partition __consumer_offsets-42 from OnlineReplica to OnlineReplica (state.change.logger)
lab6-kafka-1-1      | [2023-11-30 17:48:05,614] TRACE [Controller id=1 epoch=2] Changed state of replica 1 for partition __consumer_offsets-28 from OnlineReplica to OnlineReplica (state.change.logger)
lab6-kafka-1-1      | [2023-11-30 17:48:05,614] TRACE [Controller id=1 epoch=2] Changed state of replica 1 for partition __consumer_offsets-12 from OnlineReplica to OnlineReplica (state.change.logger)
lab6-kafka-1-1      | [2023-11-30 17:48:05,614] TRACE [Controller id=1 epoch=2] Changed state of replica 1 for partition __consumer_offsets-38 from OnlineReplica to OnlineReplica (state.change.logger)
lab6-kafka-1-1      | [2023-11-30 17:48:05,614] TRACE [Controller id=1 epoch=2] Changed state of replica 1 for partition __consumer_offsets-14 from OnlineReplica to OnlineReplica (state.change.logger)
lab6-kafka-1-1      | [2023-11-30 17:48:05,614] TRACE [Controller id=1 epoch=2] Changed state of replica 1 for partition __consumer_offsets-22 from OnlineReplica to OnlineReplica (state.change.logger)
lab6-kafka-1-1      | [2023-11-30 17:48:05,614] TRACE [Controller id=1 epoch=2] Changed state of replica 2 for partition __consumer_offsets-19 from OnlineReplica to OnlineReplica (state.change.logger)
lab6-kafka-1-1      | [2023-11-30 17:48:05,614] TRACE [Controller id=1 epoch=2] Changed state of replica 2 for partition __consumer_offsets-41 from OnlineReplica to OnlineReplica (state.change.logger)
lab6-kafka-1-1      | [2023-11-30 17:48:05,614] TRACE [Controller id=1 epoch=2] Changed state of replica 2 for partition __consumer_offsets-17 from OnlineReplica to OnlineReplica (state.change.logger)
lab6-kafka-1-1      | [2023-11-30 17:48:05,614] TRACE [Controller id=1 epoch=2] Changed state of replica 2 for partition __consumer_offsets-29 from OnlineReplica to OnlineReplica (state.change.logger)
lab6-kafka-1-1      | [2023-11-30 17:48:05,614] TRACE [Controller id=1 epoch=2] Changed state of replica 2 for partition __consumer_offsets-49 from OnlineReplica to OnlineReplica (state.change.logger)
lab6-kafka-1-1      | [2023-11-30 17:48:05,615] TRACE [Controller id=1 epoch=2] Changed state of replica 2 for partition __consumer_offsets-45 from OnlineReplica to OnlineReplica (state.change.logger)
lab6-kafka-1-1      | [2023-11-30 17:48:05,615] TRACE [Controller id=1 epoch=2] Changed state of replica 2 for partition __consumer_offsets-35 from OnlineReplica to OnlineReplica (state.change.logger)
lab6-kafka-1-1      | [2023-11-30 17:48:05,615] TRACE [Controller id=1 epoch=2] Changed state of replica 2 for partition __consumer_offsets-5 from OnlineReplica to OnlineReplica (state.change.logger)
lab6-kafka-1-1      | [2023-11-30 17:48:05,615] TRACE [Controller id=1 epoch=2] Changed state of replica 2 for partition __consumer_offsets-3 from OnlineReplica to OnlineReplica (state.change.logger)
lab6-kafka-1-1      | [2023-11-30 17:48:05,615] TRACE [Controller id=1 epoch=2] Changed state of replica 2 for partition __consumer_offsets-43 from OnlineReplica to OnlineReplica (state.change.logger)
lab6-kafka-1-1      | [2023-11-30 17:48:05,615] TRACE [Controller id=1 epoch=2] Changed state of replica 2 for partition __consumer_offsets-31 from OnlineReplica to OnlineReplica (state.change.logger)
lab6-kafka-1-1      | [2023-11-30 17:48:05,615] TRACE [Controller id=1 epoch=2] Changed state of replica 2 for partition __consumer_offsets-39 from OnlineReplica to OnlineReplica (state.change.logger)
lab6-kafka-1-1      | [2023-11-30 17:48:05,615] TRACE [Controller id=1 epoch=2] Changed state of replica 2 for partition __consumer_offsets-11 from OnlineReplica to OnlineReplica (state.change.logger)
lab6-kafka-1-1      | [2023-11-30 17:48:05,615] TRACE [Controller id=1 epoch=2] Changed state of replica 2 for partition __consumer_offsets-25 from OnlineReplica to OnlineReplica (state.change.logger)
lab6-kafka-1-1      | [2023-11-30 17:48:05,615] TRACE [Controller id=1 epoch=2] Changed state of replica 2 for partition __consumer_offsets-13 from OnlineReplica to OnlineReplica (state.change.logger)
lab6-kafka-1-1      | [2023-11-30 17:48:05,615] TRACE [Controller id=1 epoch=2] Changed state of replica 2 for partition __consumer_offsets-7 from OnlineReplica to OnlineReplica (state.change.logger)
lab6-kafka-1-1      | [2023-11-30 17:48:05,615] TRACE [Controller id=1 epoch=2] Changed state of replica 2 for partition __consumer_offsets-15 from OnlineReplica to OnlineReplica (state.change.logger)
lab6-kafka-1-1      | [2023-11-30 17:48:05,615] TRACE [Controller id=1 epoch=2] Changed state of replica 2 for partition __consumer_offsets-21 from OnlineReplica to OnlineReplica (state.change.logger)
lab6-kafka-1-1      | [2023-11-30 17:48:05,615] TRACE [Controller id=1 epoch=2] Changed state of replica 2 for partition __consumer_offsets-27 from OnlineReplica to OnlineReplica (state.change.logger)
lab6-kafka-1-1      | [2023-11-30 17:48:05,615] TRACE [Controller id=1 epoch=2] Changed state of replica 2 for partition __consumer_offsets-23 from OnlineReplica to OnlineReplica (state.change.logger)
lab6-kafka-1-1      | [2023-11-30 17:48:05,615] TRACE [Controller id=1 epoch=2] Changed state of replica 2 for partition __consumer_offsets-47 from OnlineReplica to OnlineReplica (state.change.logger)
lab6-kafka-1-1      | [2023-11-30 17:48:05,615] TRACE [Controller id=1 epoch=2] Changed state of replica 2 for partition __consumer_offsets-37 from OnlineReplica to OnlineReplica (state.change.logger)
lab6-kafka-1-1      | [2023-11-30 17:48:05,615] TRACE [Controller id=1 epoch=2] Changed state of replica 2 for partition __consumer_offsets-1 from OnlineReplica to OnlineReplica (state.change.logger)
lab6-kafka-1-1      | [2023-11-30 17:48:05,616] TRACE [Controller id=1 epoch=2] Changed state of replica 2 for partition __consumer_offsets-9 from OnlineReplica to OnlineReplica (state.change.logger)
lab6-kafka-1-1      | [2023-11-30 17:48:05,616] TRACE [Controller id=1 epoch=2] Changed state of replica 2 for partition __consumer_offsets-33 from OnlineReplica to OnlineReplica (state.change.logger)
lab6-kafka-1-1      | [2023-11-30 17:48:05,618] TRACE [Controller id=1 epoch=2] Sending become-leader LeaderAndIsr request LeaderAndIsrPartitionState(topicName='__consumer_offsets', partitionIndex=48, controllerEpoch=1, leader=1, leaderEpoch=0, isr=[1], partitionEpoch=0, replicas=[1], addingReplicas=[], removingReplicas=[], isNew=false, leaderRecoveryState=0) to broker 1 for partition __consumer_offsets-48 (state.change.logger)
lab6-kafka-1-1      | [2023-11-30 17:48:05,618] TRACE [Controller id=1 epoch=2] Sending become-leader LeaderAndIsr request LeaderAndIsrPartitionState(topicName='__consumer_offsets', partitionIndex=46, controllerEpoch=1, leader=1, leaderEpoch=0, isr=[1], partitionEpoch=0, replicas=[1], addingReplicas=[], removingReplicas=[], isNew=false, leaderRecoveryState=0) to broker 1 for partition __consumer_offsets-46 (state.change.logger)
lab6-kafka-1-1      | [2023-11-30 17:48:05,618] TRACE [Controller id=1 epoch=2] Sending become-leader LeaderAndIsr request LeaderAndIsrPartitionState(topicName='__consumer_offsets', partitionIndex=44, controllerEpoch=1, leader=1, leaderEpoch=0, isr=[1], partitionEpoch=0, replicas=[1], addingReplicas=[], removingReplicas=[], isNew=false, leaderRecoveryState=0) to broker 1 for partition __consumer_offsets-44 (state.change.logger)
lab6-kafka-1-1      | [2023-11-30 17:48:05,618] TRACE [Controller id=1 epoch=2] Sending become-leader LeaderAndIsr request LeaderAndIsrPartitionState(topicName='__consumer_offsets', partitionIndex=42, controllerEpoch=1, leader=1, leaderEpoch=0, isr=[1], partitionEpoch=0, replicas=[1], addingReplicas=[], removingReplicas=[], isNew=false, leaderRecoveryState=0) to broker 1 for partition __consumer_offsets-42 (state.change.logger)
lab6-kafka-1-1      | [2023-11-30 17:48:05,618] TRACE [Controller id=1 epoch=2] Sending become-leader LeaderAndIsr request LeaderAndIsrPartitionState(topicName='__consumer_offsets', partitionIndex=32, controllerEpoch=1, leader=1, leaderEpoch=0, isr=[1], partitionEpoch=0, replicas=[1], addingReplicas=[], removingReplicas=[], isNew=false, leaderRecoveryState=0) to broker 1 for partition __consumer_offsets-32 (state.change.logger)
lab6-kafka-1-1      | [2023-11-30 17:48:05,618] TRACE [Controller id=1 epoch=2] Sending become-leader LeaderAndIsr request LeaderAndIsrPartitionState(topicName='__consumer_offsets', partitionIndex=30, controllerEpoch=1, leader=1, leaderEpoch=0, isr=[1], partitionEpoch=0, replicas=[1], addingReplicas=[], removingReplicas=[], isNew=false, leaderRecoveryState=0) to broker 1 for partition __consumer_offsets-30 (state.change.logger)
lab6-kafka-1-1      | [2023-11-30 17:48:05,618] TRACE [Controller id=1 epoch=2] Sending become-leader LeaderAndIsr request LeaderAndIsrPartitionState(topicName='__consumer_offsets', partitionIndex=28, controllerEpoch=1, leader=1, leaderEpoch=0, isr=[1], partitionEpoch=0, replicas=[1], addingReplicas=[], removingReplicas=[], isNew=false, leaderRecoveryState=0) to broker 1 for partition __consumer_offsets-28 (state.change.logger)
lab6-kafka-1-1      | [2023-11-30 17:48:05,618] TRACE [Controller id=1 epoch=2] Sending become-leader LeaderAndIsr request LeaderAndIsrPartitionState(topicName='__consumer_offsets', partitionIndex=26, controllerEpoch=1, leader=1, leaderEpoch=0, isr=[1], partitionEpoch=0, replicas=[1], addingReplicas=[], removingReplicas=[], isNew=false, leaderRecoveryState=0) to broker 1 for partition __consumer_offsets-26 (state.change.logger)
lab6-kafka-1-1      | [2023-11-30 17:48:05,618] TRACE [Controller id=1 epoch=2] Sending become-leader LeaderAndIsr request LeaderAndIsrPartitionState(topicName='__consumer_offsets', partitionIndex=40, controllerEpoch=1, leader=1, leaderEpoch=0, isr=[1], partitionEpoch=0, replicas=[1], addingReplicas=[], removingReplicas=[], isNew=false, leaderRecoveryState=0) to broker 1 for partition __consumer_offsets-40 (state.change.logger)
lab6-kafka-1-1      | [2023-11-30 17:48:05,618] TRACE [Controller id=1 epoch=2] Sending become-leader LeaderAndIsr request LeaderAndIsrPartitionState(topicName='__consumer_offsets', partitionIndex=38, controllerEpoch=1, leader=1, leaderEpoch=0, isr=[1], partitionEpoch=0, replicas=[1], addingReplicas=[], removingReplicas=[], isNew=false, leaderRecoveryState=0) to broker 1 for partition __consumer_offsets-38 (state.change.logger)
lab6-kafka-1-1      | [2023-11-30 17:48:05,618] TRACE [Controller id=1 epoch=2] Sending become-leader LeaderAndIsr request LeaderAndIsrPartitionState(topicName='__consumer_offsets', partitionIndex=36, controllerEpoch=1, leader=1, leaderEpoch=0, isr=[1], partitionEpoch=0, replicas=[1], addingReplicas=[], removingReplicas=[], isNew=false, leaderRecoveryState=0) to broker 1 for partition __consumer_offsets-36 (state.change.logger)
lab6-kafka-1-1      | [2023-11-30 17:48:05,618] TRACE [Controller id=1 epoch=2] Sending become-leader LeaderAndIsr request LeaderAndIsrPartitionState(topicName='__consumer_offsets', partitionIndex=34, controllerEpoch=1, leader=1, leaderEpoch=0, isr=[1], partitionEpoch=0, replicas=[1], addingReplicas=[], removingReplicas=[], isNew=false, leaderRecoveryState=0) to broker 1 for partition __consumer_offsets-34 (state.change.logger)
lab6-kafka-1-1      | [2023-11-30 17:48:05,618] TRACE [Controller id=1 epoch=2] Sending become-leader LeaderAndIsr request LeaderAndIsrPartitionState(topicName='__consumer_offsets', partitionIndex=16, controllerEpoch=1, leader=1, leaderEpoch=0, isr=[1], partitionEpoch=0, replicas=[1], addingReplicas=[], removingReplicas=[], isNew=false, leaderRecoveryState=0) to broker 1 for partition __consumer_offsets-16 (state.change.logger)
lab6-kafka-1-1      | [2023-11-30 17:48:05,618] TRACE [Controller id=1 epoch=2] Sending become-leader LeaderAndIsr request LeaderAndIsrPartitionState(topicName='__consumer_offsets', partitionIndex=14, controllerEpoch=1, leader=1, leaderEpoch=0, isr=[1], partitionEpoch=0, replicas=[1], addingReplicas=[], removingReplicas=[], isNew=false, leaderRecoveryState=0) to broker 1 for partition __consumer_offsets-14 (state.change.logger)
lab6-kafka-1-1      | [2023-11-30 17:48:05,618] TRACE [Controller id=1 epoch=2] Sending become-leader LeaderAndIsr request LeaderAndIsrPartitionState(topicName='__consumer_offsets', partitionIndex=12, controllerEpoch=1, leader=1, leaderEpoch=0, isr=[1], partitionEpoch=0, replicas=[1], addingReplicas=[], removingReplicas=[], isNew=false, leaderRecoveryState=0) to broker 1 for partition __consumer_offsets-12 (state.change.logger)
lab6-kafka-1-1      | [2023-11-30 17:48:05,618] TRACE [Controller id=1 epoch=2] Sending become-leader LeaderAndIsr request LeaderAndIsrPartitionState(topicName='topic', partitionIndex=0, controllerEpoch=1, leader=1, leaderEpoch=0, isr=[1], partitionEpoch=0, replicas=[1], addingReplicas=[], removingReplicas=[], isNew=false, leaderRecoveryState=0) to broker 1 for partition topic-0 (state.change.logger)
lab6-kafka-1-1      | [2023-11-30 17:48:05,618] TRACE [Controller id=1 epoch=2] Sending become-leader LeaderAndIsr request LeaderAndIsrPartitionState(topicName='__consumer_offsets', partitionIndex=10, controllerEpoch=1, leader=1, leaderEpoch=0, isr=[1], partitionEpoch=0, replicas=[1], addingReplicas=[], removingReplicas=[], isNew=false, leaderRecoveryState=0) to broker 1 for partition __consumer_offsets-10 (state.change.logger)
lab6-kafka-1-1      | [2023-11-30 17:48:05,619] TRACE [Controller id=1 epoch=2] Sending become-leader LeaderAndIsr request LeaderAndIsrPartitionState(topicName='__consumer_offsets', partitionIndex=24, controllerEpoch=1, leader=1, leaderEpoch=0, isr=[1], partitionEpoch=0, replicas=[1], addingReplicas=[], removingReplicas=[], isNew=false, leaderRecoveryState=0) to broker 1 for partition __consumer_offsets-24 (state.change.logger)
lab6-kafka-1-1      | [2023-11-30 17:48:05,619] TRACE [Controller id=1 epoch=2] Sending become-leader LeaderAndIsr request LeaderAndIsrPartitionState(topicName='__consumer_offsets', partitionIndex=22, controllerEpoch=1, leader=1, leaderEpoch=0, isr=[1], partitionEpoch=0, replicas=[1], addingReplicas=[], removingReplicas=[], isNew=false, leaderRecoveryState=0) to broker 1 for partition __consumer_offsets-22 (state.change.logger)
lab6-kafka-1-1      | [2023-11-30 17:48:05,619] TRACE [Controller id=1 epoch=2] Sending become-leader LeaderAndIsr request LeaderAndIsrPartitionState(topicName='__consumer_offsets', partitionIndex=20, controllerEpoch=1, leader=1, leaderEpoch=0, isr=[1], partitionEpoch=0, replicas=[1], addingReplicas=[], removingReplicas=[], isNew=false, leaderRecoveryState=0) to broker 1 for partition __consumer_offsets-20 (state.change.logger)
lab6-kafka-1-1      | [2023-11-30 17:48:05,619] TRACE [Controller id=1 epoch=2] Sending become-leader LeaderAndIsr request LeaderAndIsrPartitionState(topicName='__consumer_offsets', partitionIndex=18, controllerEpoch=1, leader=1, leaderEpoch=0, isr=[1], partitionEpoch=0, replicas=[1], addingReplicas=[], removingReplicas=[], isNew=false, leaderRecoveryState=0) to broker 1 for partition __consumer_offsets-18 (state.change.logger)
lab6-kafka-1-1      | [2023-11-30 17:48:05,619] TRACE [Controller id=1 epoch=2] Sending become-leader LeaderAndIsr request LeaderAndIsrPartitionState(topicName='__consumer_offsets', partitionIndex=0, controllerEpoch=1, leader=1, leaderEpoch=0, isr=[1], partitionEpoch=0, replicas=[1], addingReplicas=[], removingReplicas=[], isNew=false, leaderRecoveryState=0) to broker 1 for partition __consumer_offsets-0 (state.change.logger)
lab6-kafka-1-1      | [2023-11-30 17:48:05,619] TRACE [Controller id=1 epoch=2] Sending become-leader LeaderAndIsr request LeaderAndIsrPartitionState(topicName='__consumer_offsets', partitionIndex=8, controllerEpoch=1, leader=1, leaderEpoch=0, isr=[1], partitionEpoch=0, replicas=[1], addingReplicas=[], removingReplicas=[], isNew=false, leaderRecoveryState=0) to broker 1 for partition __consumer_offsets-8 (state.change.logger)
lab6-kafka-1-1      | [2023-11-30 17:48:05,619] TRACE [Controller id=1 epoch=2] Sending become-leader LeaderAndIsr request LeaderAndIsrPartitionState(topicName='__consumer_offsets', partitionIndex=6, controllerEpoch=1, leader=1, leaderEpoch=0, isr=[1], partitionEpoch=0, replicas=[1], addingReplicas=[], removingReplicas=[], isNew=false, leaderRecoveryState=0) to broker 1 for partition __consumer_offsets-6 (state.change.logger)
lab6-kafka-1-1      | [2023-11-30 17:48:05,619] TRACE [Controller id=1 epoch=2] Sending become-leader LeaderAndIsr request LeaderAndIsrPartitionState(topicName='__consumer_offsets', partitionIndex=4, controllerEpoch=1, leader=1, leaderEpoch=0, isr=[1], partitionEpoch=0, replicas=[1], addingReplicas=[], removingReplicas=[], isNew=false, leaderRecoveryState=0) to broker 1 for partition __consumer_offsets-4 (state.change.logger)
lab6-kafka-1-1      | [2023-11-30 17:48:05,619] TRACE [Controller id=1 epoch=2] Sending become-leader LeaderAndIsr request LeaderAndIsrPartitionState(topicName='__consumer_offsets', partitionIndex=2, controllerEpoch=1, leader=1, leaderEpoch=0, isr=[1], partitionEpoch=0, replicas=[1], addingReplicas=[], removingReplicas=[], isNew=false, leaderRecoveryState=0) to broker 1 for partition __consumer_offsets-2 (state.change.logger)
lab6-kafka-1-1      | [2023-11-30 17:48:05,619] INFO [Controller id=1 epoch=2] Sending LeaderAndIsr request to broker 1 with 26 become-leader and 0 become-follower partitions (state.change.logger)
lab6-kafka-1-1      | [2023-11-30 17:48:05,620] TRACE [Controller id=1 epoch=2] Sending become-leader LeaderAndIsr request LeaderAndIsrPartitionState(topicName='__consumer_offsets', partitionIndex=15, controllerEpoch=1, leader=2, leaderEpoch=0, isr=[2], partitionEpoch=0, replicas=[2], addingReplicas=[], removingReplicas=[], isNew=false, leaderRecoveryState=0) to broker 2 for partition __consumer_offsets-15 (state.change.logger)
lab6-kafka-1-1      | [2023-11-30 17:48:05,620] TRACE [Controller id=1 epoch=2] Sending become-leader LeaderAndIsr request LeaderAndIsrPartitionState(topicName='__consumer_offsets', partitionIndex=13, controllerEpoch=1, leader=2, leaderEpoch=0, isr=[2], partitionEpoch=0, replicas=[2], addingReplicas=[], removingReplicas=[], isNew=false, leaderRecoveryState=0) to broker 2 for partition __consumer_offsets-13 (state.change.logger)
lab6-kafka-1-1      | [2023-11-30 17:48:05,620] TRACE [Controller id=1 epoch=2] Sending become-leader LeaderAndIsr request LeaderAndIsrPartitionState(topicName='__consumer_offsets', partitionIndex=11, controllerEpoch=1, leader=2, leaderEpoch=0, isr=[2], partitionEpoch=0, replicas=[2], addingReplicas=[], removingReplicas=[], isNew=false, leaderRecoveryState=0) to broker 2 for partition __consumer_offsets-11 (state.change.logger)
lab6-kafka-1-1      | [2023-11-30 17:48:05,620] TRACE [Controller id=1 epoch=2] Sending become-leader LeaderAndIsr request LeaderAndIsrPartitionState(topicName='__consumer_offsets', partitionIndex=9, controllerEpoch=1, leader=2, leaderEpoch=0, isr=[2], partitionEpoch=0, replicas=[2], addingReplicas=[], removingReplicas=[], isNew=false, leaderRecoveryState=0) to broker 2 for partition __consumer_offsets-9 (state.change.logger)
lab6-kafka-1-1      | [2023-11-30 17:48:05,621] TRACE [Controller id=1 epoch=2] Sending become-leader LeaderAndIsr request LeaderAndIsrPartitionState(topicName='__consumer_offsets', partitionIndex=23, controllerEpoch=1, leader=2, leaderEpoch=0, isr=[2], partitionEpoch=0, replicas=[2], addingReplicas=[], removingReplicas=[], isNew=false, leaderRecoveryState=0) to broker 2 for partition __consumer_offsets-23 (state.change.logger)
lab6-kafka-1-1      | [2023-11-30 17:48:05,621] TRACE [Controller id=1 epoch=2] Sending become-leader LeaderAndIsr request LeaderAndIsrPartitionState(topicName='__consumer_offsets', partitionIndex=21, controllerEpoch=1, leader=2, leaderEpoch=0, isr=[2], partitionEpoch=0, replicas=[2], addingReplicas=[], removingReplicas=[], isNew=false, leaderRecoveryState=0) to broker 2 for partition __consumer_offsets-21 (state.change.logger)
lab6-kafka-1-1      | [2023-11-30 17:48:05,621] TRACE [Controller id=1 epoch=2] Sending become-leader LeaderAndIsr request LeaderAndIsrPartitionState(topicName='__consumer_offsets', partitionIndex=19, controllerEpoch=1, leader=2, leaderEpoch=0, isr=[2], partitionEpoch=0, replicas=[2], addingReplicas=[], removingReplicas=[], isNew=false, leaderRecoveryState=0) to broker 2 for partition __consumer_offsets-19 (state.change.logger)
lab6-kafka-1-1      | [2023-11-30 17:48:05,621] TRACE [Controller id=1 epoch=2] Sending become-leader LeaderAndIsr request LeaderAndIsrPartitionState(topicName='__consumer_offsets', partitionIndex=17, controllerEpoch=1, leader=2, leaderEpoch=0, isr=[2], partitionEpoch=0, replicas=[2], addingReplicas=[], removingReplicas=[], isNew=false, leaderRecoveryState=0) to broker 2 for partition __consumer_offsets-17 (state.change.logger)
lab6-kafka-1-1      | [2023-11-30 17:48:05,621] TRACE [Controller id=1 epoch=2] Sending become-leader LeaderAndIsr request LeaderAndIsrPartitionState(topicName='__consumer_offsets', partitionIndex=7, controllerEpoch=1, leader=2, leaderEpoch=0, isr=[2], partitionEpoch=0, replicas=[2], addingReplicas=[], removingReplicas=[], isNew=false, leaderRecoveryState=0) to broker 2 for partition __consumer_offsets-7 (state.change.logger)
lab6-kafka-1-1      | [2023-11-30 17:48:05,621] TRACE [Controller id=1 epoch=2] Sending become-leader LeaderAndIsr request LeaderAndIsrPartitionState(topicName='__consumer_offsets', partitionIndex=5, controllerEpoch=1, leader=2, leaderEpoch=0, isr=[2], partitionEpoch=0, replicas=[2], addingReplicas=[], removingReplicas=[], isNew=false, leaderRecoveryState=0) to broker 2 for partition __consumer_offsets-5 (state.change.logger)
lab6-kafka-1-1      | [2023-11-30 17:48:05,621] TRACE [Controller id=1 epoch=2] Sending become-leader LeaderAndIsr request LeaderAndIsrPartitionState(topicName='__consumer_offsets', partitionIndex=3, controllerEpoch=1, leader=2, leaderEpoch=0, isr=[2], partitionEpoch=0, replicas=[2], addingReplicas=[], removingReplicas=[], isNew=false, leaderRecoveryState=0) to broker 2 for partition __consumer_offsets-3 (state.change.logger)
lab6-kafka-1-1      | [2023-11-30 17:48:05,621] TRACE [Controller id=1 epoch=2] Sending become-leader LeaderAndIsr request LeaderAndIsrPartitionState(topicName='__consumer_offsets', partitionIndex=1, controllerEpoch=1, leader=2, leaderEpoch=0, isr=[2], partitionEpoch=0, replicas=[2], addingReplicas=[], removingReplicas=[], isNew=false, leaderRecoveryState=0) to broker 2 for partition __consumer_offsets-1 (state.change.logger)
lab6-kafka-1-1      | [2023-11-30 17:48:05,621] TRACE [Controller id=1 epoch=2] Sending become-leader LeaderAndIsr request LeaderAndIsrPartitionState(topicName='__consumer_offsets', partitionIndex=47, controllerEpoch=1, leader=2, leaderEpoch=0, isr=[2], partitionEpoch=0, replicas=[2], addingReplicas=[], removingReplicas=[], isNew=false, leaderRecoveryState=0) to broker 2 for partition __consumer_offsets-47 (state.change.logger)
lab6-kafka-1-1      | [2023-11-30 17:48:05,621] TRACE [Controller id=1 epoch=2] Sending become-leader LeaderAndIsr request LeaderAndIsrPartitionState(topicName='__consumer_offsets', partitionIndex=45, controllerEpoch=1, leader=2, leaderEpoch=0, isr=[2], partitionEpoch=0, replicas=[2], addingReplicas=[], removingReplicas=[], isNew=false, leaderRecoveryState=0) to broker 2 for partition __consumer_offsets-45 (state.change.logger)
lab6-kafka-1-1      | [2023-11-30 17:48:05,621] TRACE [Controller id=1 epoch=2] Sending become-leader LeaderAndIsr request LeaderAndIsrPartitionState(topicName='__consumer_offsets', partitionIndex=43, controllerEpoch=1, leader=2, leaderEpoch=0, isr=[2], partitionEpoch=0, replicas=[2], addingReplicas=[], removingReplicas=[], isNew=false, leaderRecoveryState=0) to broker 2 for partition __consumer_offsets-43 (state.change.logger)
lab6-kafka-1-1      | [2023-11-30 17:48:05,621] TRACE [Controller id=1 epoch=2] Sending become-leader LeaderAndIsr request LeaderAndIsrPartitionState(topicName='__consumer_offsets', partitionIndex=41, controllerEpoch=1, leader=2, leaderEpoch=0, isr=[2], partitionEpoch=0, replicas=[2], addingReplicas=[], removingReplicas=[], isNew=false, leaderRecoveryState=0) to broker 2 for partition __consumer_offsets-41 (state.change.logger)
lab6-kafka-1-1      | [2023-11-30 17:48:05,621] TRACE [Controller id=1 epoch=2] Sending become-leader LeaderAndIsr request LeaderAndIsrPartitionState(topicName='__consumer_offsets', partitionIndex=49, controllerEpoch=1, leader=2, leaderEpoch=0, isr=[2], partitionEpoch=0, replicas=[2], addingReplicas=[], removingReplicas=[], isNew=false, leaderRecoveryState=0) to broker 2 for partition __consumer_offsets-49 (state.change.logger)
lab6-kafka-1-1      | [2023-11-30 17:48:05,621] TRACE [Controller id=1 epoch=2] Sending become-leader LeaderAndIsr request LeaderAndIsrPartitionState(topicName='__consumer_offsets', partitionIndex=31, controllerEpoch=1, leader=2, leaderEpoch=0, isr=[2], partitionEpoch=0, replicas=[2], addingReplicas=[], removingReplicas=[], isNew=false, leaderRecoveryState=0) to broker 2 for partition __consumer_offsets-31 (state.change.logger)
lab6-kafka-1-1      | [2023-11-30 17:48:05,621] TRACE [Controller id=1 epoch=2] Sending become-leader LeaderAndIsr request LeaderAndIsrPartitionState(topicName='__consumer_offsets', partitionIndex=29, controllerEpoch=1, leader=2, leaderEpoch=0, isr=[2], partitionEpoch=0, replicas=[2], addingReplicas=[], removingReplicas=[], isNew=false, leaderRecoveryState=0) to broker 2 for partition __consumer_offsets-29 (state.change.logger)
lab6-kafka-1-1      | [2023-11-30 17:48:05,621] TRACE [Controller id=1 epoch=2] Sending become-leader LeaderAndIsr request LeaderAndIsrPartitionState(topicName='__consumer_offsets', partitionIndex=27, controllerEpoch=1, leader=2, leaderEpoch=0, isr=[2], partitionEpoch=0, replicas=[2], addingReplicas=[], removingReplicas=[], isNew=false, leaderRecoveryState=0) to broker 2 for partition __consumer_offsets-27 (state.change.logger)
lab6-kafka-1-1      | [2023-11-30 17:48:05,621] TRACE [Controller id=1 epoch=2] Sending become-leader LeaderAndIsr request LeaderAndIsrPartitionState(topicName='__consumer_offsets', partitionIndex=25, controllerEpoch=1, leader=2, leaderEpoch=0, isr=[2], partitionEpoch=0, replicas=[2], addingReplicas=[], removingReplicas=[], isNew=false, leaderRecoveryState=0) to broker 2 for partition __consumer_offsets-25 (state.change.logger)
lab6-kafka-1-1      | [2023-11-30 17:48:05,621] TRACE [Controller id=1 epoch=2] Sending become-leader LeaderAndIsr request LeaderAndIsrPartitionState(topicName='__consumer_offsets', partitionIndex=39, controllerEpoch=1, leader=2, leaderEpoch=0, isr=[2], partitionEpoch=0, replicas=[2], addingReplicas=[], removingReplicas=[], isNew=false, leaderRecoveryState=0) to broker 2 for partition __consumer_offsets-39 (state.change.logger)
lab6-kafka-1-1      | [2023-11-30 17:48:05,621] TRACE [Controller id=1 epoch=2] Sending become-leader LeaderAndIsr request LeaderAndIsrPartitionState(topicName='__consumer_offsets', partitionIndex=37, controllerEpoch=1, leader=2, leaderEpoch=0, isr=[2], partitionEpoch=0, replicas=[2], addingReplicas=[], removingReplicas=[], isNew=false, leaderRecoveryState=0) to broker 2 for partition __consumer_offsets-37 (state.change.logger)
lab6-kafka-1-1      | [2023-11-30 17:48:05,621] TRACE [Controller id=1 epoch=2] Sending become-leader LeaderAndIsr request LeaderAndIsrPartitionState(topicName='__consumer_offsets', partitionIndex=35, controllerEpoch=1, leader=2, leaderEpoch=0, isr=[2], partitionEpoch=0, replicas=[2], addingReplicas=[], removingReplicas=[], isNew=false, leaderRecoveryState=0) to broker 2 for partition __consumer_offsets-35 (state.change.logger)
lab6-kafka-1-1      | [2023-11-30 17:48:05,621] TRACE [Controller id=1 epoch=2] Sending become-leader LeaderAndIsr request LeaderAndIsrPartitionState(topicName='__consumer_offsets', partitionIndex=33, controllerEpoch=1, leader=2, leaderEpoch=0, isr=[2], partitionEpoch=0, replicas=[2], addingReplicas=[], removingReplicas=[], isNew=false, leaderRecoveryState=0) to broker 2 for partition __consumer_offsets-33 (state.change.logger)
lab6-kafka-1-1      | [2023-11-30 17:48:05,621] INFO [Controller id=1 epoch=2] Sending LeaderAndIsr request to broker 2 with 25 become-leader and 0 become-follower partitions (state.change.logger)
lab6-kafka-1-1      | [2023-11-30 17:48:05,621] INFO [Controller id=1 epoch=2] Sending UpdateMetadata request to brokers HashSet(1, 2) for 51 partitions (state.change.logger)
lab6-kafka-1-1      | [2023-11-30 17:48:05,621] INFO [ReplicaStateMachine controllerId=1] Triggering offline replica state changes (kafka.controller.ZkReplicaStateMachine)
